Archive member included because of file (symbol)

c:/freescale/kds_v3/toolchain/bin/../lib/gcc/arm-none-eabi/4.8.4/../../../../arm-none-eabi/lib/armv7e-m/softfp\libstdc++.a(new_op.o)
                              mbed-src\common\InterruptManager.o (operator new(unsigned int))
c:/freescale/kds_v3/toolchain/bin/../lib/gcc/arm-none-eabi/4.8.4/../../../../arm-none-eabi/lib/armv7e-m/softfp\libstdc++.a(del_op.o)
                              mbed-src\common\retarget.o (operator delete(void*))
c:/freescale/kds_v3/toolchain/bin/../lib/gcc/arm-none-eabi/4.8.4/../../../../arm-none-eabi/lib/armv7e-m/softfp\libstdc++.a(new_handler.o)
                              c:/freescale/kds_v3/toolchain/bin/../lib/gcc/arm-none-eabi/4.8.4/../../../../arm-none-eabi/lib/armv7e-m/softfp\libstdc++.a(new_op.o) (__new_handler)
c:/freescale/kds_v3/toolchain/bin/../lib/gcc/arm-none-eabi/4.8.4/../../../../arm-none-eabi/lib/armv7e-m/softfp\libstdc++.a(eh_throw.o)
                              c:/freescale/kds_v3/toolchain/bin/../lib/gcc/arm-none-eabi/4.8.4/../../../../arm-none-eabi/lib/armv7e-m/softfp\libstdc++.a(new_op.o) (__cxa_throw)
c:/freescale/kds_v3/toolchain/bin/../lib/gcc/arm-none-eabi/4.8.4/../../../../arm-none-eabi/lib/armv7e-m/softfp\libstdc++.a(eh_alloc.o)
                              c:/freescale/kds_v3/toolchain/bin/../lib/gcc/arm-none-eabi/4.8.4/../../../../arm-none-eabi/lib/armv7e-m/softfp\libstdc++.a(new_op.o) (__cxa_allocate_exception)
c:/freescale/kds_v3/toolchain/bin/../lib/gcc/arm-none-eabi/4.8.4/../../../../arm-none-eabi/lib/armv7e-m/softfp\libstdc++.a(eh_unex_handler.o)
                              c:/freescale/kds_v3/toolchain/bin/../lib/gcc/arm-none-eabi/4.8.4/../../../../arm-none-eabi/lib/armv7e-m/softfp\libstdc++.a(eh_throw.o) (__cxxabiv1::__unexpected_handler)
c:/freescale/kds_v3/toolchain/bin/../lib/gcc/arm-none-eabi/4.8.4/../../../../arm-none-eabi/lib/armv7e-m/softfp\libstdc++.a(eh_personality.o)
                              c:/freescale/kds_v3/toolchain/bin/../lib/gcc/arm-none-eabi/4.8.4/../../../../arm-none-eabi/lib/armv7e-m/softfp\libstdc++.a(new_op.o) (__gxx_personality_v0)
c:/freescale/kds_v3/toolchain/bin/../lib/gcc/arm-none-eabi/4.8.4/../../../../arm-none-eabi/lib/armv7e-m/softfp\libstdc++.a(eh_globals.o)
                              c:/freescale/kds_v3/toolchain/bin/../lib/gcc/arm-none-eabi/4.8.4/../../../../arm-none-eabi/lib/armv7e-m/softfp\libstdc++.a(eh_throw.o) (__cxa_get_globals)
c:/freescale/kds_v3/toolchain/bin/../lib/gcc/arm-none-eabi/4.8.4/../../../../arm-none-eabi/lib/armv7e-m/softfp\libstdc++.a(atexit_arm.o)
                              EthernetInterface\EthernetInterface.o (__aeabi_atexit)
c:/freescale/kds_v3/toolchain/bin/../lib/gcc/arm-none-eabi/4.8.4/../../../../arm-none-eabi/lib/armv7e-m/softfp\libstdc++.a(eh_term_handler.o)
                              c:/freescale/kds_v3/toolchain/bin/../lib/gcc/arm-none-eabi/4.8.4/../../../../arm-none-eabi/lib/armv7e-m/softfp\libstdc++.a(eh_throw.o) (__cxxabiv1::__terminate_handler)
c:/freescale/kds_v3/toolchain/bin/../lib/gcc/arm-none-eabi/4.8.4/../../../../arm-none-eabi/lib/armv7e-m/softfp\libstdc++.a(del_opv.o)
                              mbed-src\common\RawSerial.o (operator delete[](void*))
c:/freescale/kds_v3/toolchain/bin/../lib/gcc/arm-none-eabi/4.8.4/../../../../arm-none-eabi/lib/armv7e-m/softfp\libstdc++.a(new_opv.o)
                              mbed-src\common\RawSerial.o (operator new[](unsigned int))
c:/freescale/kds_v3/toolchain/bin/../lib/gcc/arm-none-eabi/4.8.4/../../../../arm-none-eabi/lib/armv7e-m/softfp\libstdc++.a(eh_call.o)
                              c:/freescale/kds_v3/toolchain/bin/../lib/gcc/arm-none-eabi/4.8.4/../../../../arm-none-eabi/lib/armv7e-m/softfp\libstdc++.a(eh_personality.o) (__cxa_call_terminate)
c:/freescale/kds_v3/toolchain/bin/../lib/gcc/arm-none-eabi/4.8.4/../../../../arm-none-eabi/lib/armv7e-m/softfp\libstdc++.a(eh_arm.o)
                              c:/freescale/kds_v3/toolchain/bin/../lib/gcc/arm-none-eabi/4.8.4/../../../../arm-none-eabi/lib/armv7e-m/softfp\libstdc++.a(new_op.o) (__cxa_end_cleanup)
c:/freescale/kds_v3/toolchain/bin/../lib/gcc/arm-none-eabi/4.8.4/../../../../arm-none-eabi/lib/armv7e-m/softfp\libstdc++.a(eh_terminate.o)
                              c:/freescale/kds_v3/toolchain/bin/../lib/gcc/arm-none-eabi/4.8.4/../../../../arm-none-eabi/lib/armv7e-m/softfp\libstdc++.a(eh_throw.o) (__cxxabiv1::__terminate(void (*)()))
c:/freescale/kds_v3/toolchain/bin/../lib/gcc/arm-none-eabi/4.8.4/../../../../arm-none-eabi/lib/armv7e-m/softfp\libstdc++.a(bad_alloc.o)
                              c:/freescale/kds_v3/toolchain/bin/../lib/gcc/arm-none-eabi/4.8.4/../../../../arm-none-eabi/lib/armv7e-m/softfp\libstdc++.a(new_op.o) (std::bad_alloc::~bad_alloc())
c:/freescale/kds_v3/toolchain/bin/../lib/gcc/arm-none-eabi/4.8.4/../../../../arm-none-eabi/lib/armv7e-m/softfp\libstdc++.a(eh_catch.o)
[...]
Memory Configuration

Name             Origin             Length             Attributes
VECTORS          0x00000000         0x00000400         xr
FLASH_PROTECTION 0x00000400         0x00000010         xr
FLASH            0x00000410         0x000ffbf0         xr
RAM              0x1fff0198         0x0003fe68         xrw
*default*        0x00000000         0xffffffff

Linker script and memory map

LOAD c:/freescale/kds_v3/toolchain/bin/../lib/gcc/arm-none-eabi/4.8.4/armv7e-m/softfp/crti.o
LOAD c:/freescale/kds_v3/toolchain/bin/../lib/gcc/arm-none-eabi/4.8.4/armv7e-m/softfp/crtbegin.o
LOAD c:/freescale/kds_v3/toolchain/bin/../lib/gcc/arm-none-eabi/4.8.4/../../../../arm-none-eabi/lib/armv7e-m/softfp/crt0.o
LOAD mbed-src\targets\hal\TARGET_Freescale\TARGET_KPSDK_MCUS\us_ticker.o
LOAD mbed-src\targets\hal\TARGET_Freescale\TARGET_KPSDK_MCUS\spi_api.o
LOAD mbed-src\targets\hal\TARGET_Freescale\TARGET_KPSDK_MCUS\sleep.o
LOAD mbed-src\targets\hal\TARGET_Freescale\TARGET_KPSDK_MCUS\serial_api.o
LOAD mbed-src\targets\hal\TARGET_Freescale\TARGET_KPSDK_MCUS\rtc_api.o
LOAD mbed-src\targets\hal\TARGET_Freescale\TARGET_KPSDK_MCUS\pwmout_api.o
LOAD mbed-src\targets\hal\TARGET_Freescale\TARGET_KPSDK_MCUS\port_api.o
LOAD mbed-src\targets\hal\TARGET_Freescale\TARGET_KPSDK_MCUS\pinmap.o
LOAD mbed-src\targets\hal\TARGET_Freescale\TARGET_KPSDK_MCUS\i2c_api.o
LOAD mbed-src\targets\hal\TARGET_Freescale\TARGET_KPSDK_MCUS\gpio_irq_api.o
LOAD mbed-src\targets\hal\TARGET_Freescale\TARGET_KPSDK_MCUS\gpio_api.o
LOAD mbed-src\targets\hal\TARGET_Freescale\TARGET_KPSDK_MCUS\analogout_api.o
LOAD mbed-src\targets\hal\TARGET_Freescale\TARGET_KPSDK_MCUS\analogin_api.o
LOAD mbed-src\targets\hal\TARGET_Freescale\TARGET_KPSDK_MCUS\TARGET_MCU_K64F\TARGET_FRDM\mbed_overrides.o
LOAD mbed-src\targets\hal\TARGET_Freescale\TARGET_KPSDK_MCUS\TARGET_MCU_K64F\TARGET_FRDM\crc.o
LOAD mbed-src\targets\hal\TARGET_Freescale\TARGET_KPSDK_MCUS\TARGET_MCU_K64F\TARGET_FRDM\PeripheralPins.o
LOAD mbed-src\targets\hal\TARGET_Freescale\TARGET_KPSDK_MCUS\TARGET_MCU_K64F\MK64F12\fsl_sim_hal_K64F12.o
LOAD mbed-src\targets\hal\TARGET_Freescale\TARGET_KPSDK_MCUS\TARGET_MCU_K64F\MK64F12\fsl_clock_K64F12.o
LOAD mbed-src\targets\hal\TARGET_Freescale\TARGET_KPSDK_MCUS\TARGET_KPSDK_CODE\utilities\src\fsl_os_abstraction_mbed.o
LOAD mbed-src\targets\hal\TARGET_Freescale\TARGET_KPSDK_MCUS\TARGET_KPSDK_CODE\utilities\src\fsl_misc_utilities.o
LOAD mbed-src\targets\hal\TARGET_Freescale\TARGET_KPSDK_MCUS\TARGET_KPSDK_CODE\hal\wdog\fsl_wdog_hal.o
LOAD mbed-src\targets\hal\TARGET_Freescale\TARGET_KPSDK_MCUS\TARGET_KPSDK_CODE\hal\uart\fsl_uart_hal.o
LOAD mbed-src\targets\hal\TARGET_Freescale\TARGET_KPSDK_MCUS\TARGET_KPSDK_CODE\hal\smc\fsl_smc_hal.o
LOAD mbed-src\targets\hal\TARGET_Freescale\TARGET_KPSDK_MCUS\TARGET_KPSDK_CODE\hal\sim\fsl_sim_hal.o
LOAD mbed-src\targets\hal\TARGET_Freescale\TARGET_KPSDK_MCUS\TARGET_KPSDK_CODE\hal\sdhc\fsl_sdhc_hal.o
LOAD mbed-src\targets\hal\TARGET_Freescale\TARGET_KPSDK_MCUS\TARGET_KPSDK_CODE\hal\sai\fsl_sai_hal.o
LOAD mbed-src\targets\hal\TARGET_Freescale\TARGET_KPSDK_MCUS\TARGET_KPSDK_CODE\hal\rtc\fsl_rtc_hal.o
LOAD mbed-src\targets\hal\TARGET_Freescale\TARGET_KPSDK_MCUS\TARGET_KPSDK_CODE\hal\rcm\fsl_rcm_hal.o
LOAD mbed-src\targets\hal\TARGET_Freescale\TARGET_KPSDK_MCUS\TARGET_KPSDK_CODE\hal\port\fsl_port_hal.o
LOAD mbed-src\targets\hal\TARGET_Freescale\TARGET_KPSDK_MCUS\TARGET_KPSDK_CODE\hal\pmc\fsl_pmc_hal.o
LOAD mbed-src\targets\hal\TARGET_Freescale\TARGET_KPSDK_MCUS\TARGET_KPSDK_CODE\hal\pit\fsl_pit_hal.o
LOAD mbed-src\targets\hal\TARGET_Freescale\TARGET_KPSDK_MCUS\TARGET_KPSDK_CODE\hal\pdb\fsl_pdb_hal.o
LOAD mbed-src\targets\hal\TARGET_Freescale\TARGET_KPSDK_MCUS\TARGET_KPSDK_CODE\hal\osc\fsl_osc_hal.o
LOAD mbed-src\targets\hal\TARGET_Freescale\TARGET_KPSDK_MCUS\TARGET_KPSDK_CODE\hal\mpu\fsl_mpu_hal.o
LOAD mbed-src\targets\hal\TARGET_Freescale\TARGET_KPSDK_MCUS\TARGET_KPSDK_CODE\hal\mcg\fsl_mcg_hal_modes.o
LOAD mbed-src\targets\hal\TARGET_Freescale\TARGET_KPSDK_MCUS\TARGET_KPSDK_CODE\hal\mcg\fsl_mcg_hal.o
LOAD mbed-src\targets\hal\TARGET_Freescale\TARGET_KPSDK_MCUS\TARGET_KPSDK_CODE\hal\lpuart\fsl_lpuart_hal.o
LOAD mbed-src\targets\hal\TARGET_Freescale\TARGET_KPSDK_MCUS\TARGET_KPSDK_CODE\hal\lptmr\fsl_lptmr_hal.o
LOAD mbed-src\targets\hal\TARGET_Freescale\TARGET_KPSDK_MCUS\TARGET_KPSDK_CODE\hal\llwu\fsl_llwu_hal.o
LOAD mbed-src\targets\hal\TARGET_Freescale\TARGET_KPSDK_MCUS\TARGET_KPSDK_CODE\hal\i2c\fsl_i2c_hal.o
LOAD mbed-src\targets\hal\TARGET_Freescale\TARGET_KPSDK_MCUS\TARGET_KPSDK_CODE\hal\gpio\fsl_gpio_hal.o
LOAD mbed-src\targets\hal\TARGET_Freescale\TARGET_KPSDK_MCUS\TARGET_KPSDK_CODE\hal\flextimer\fsl_ftm_hal.o
LOAD mbed-src\targets\hal\TARGET_Freescale\TARGET_KPSDK_MCUS\TARGET_KPSDK_CODE\hal\enet\fsl_enet_hal.o
LOAD mbed-src\targets\hal\TARGET_Freescale\TARGET_KPSDK_MCUS\TARGET_KPSDK_CODE\hal\edma\fsl_edma_hal.o
LOAD mbed-src\targets\hal\TARGET_Freescale\TARGET_KPSDK_MCUS\TARGET_KPSDK_CODE\hal\dspi\fsl_dspi_hal.o
LOAD mbed-src\targets\hal\TARGET_Freescale\TARGET_KPSDK_MCUS\TARGET_KPSDK_CODE\hal\dmamux\fsl_dmamux_hal.o
LOAD mbed-src\targets\hal\TARGET_Freescale\TARGET_KPSDK_MCUS\TARGET_KPSDK_CODE\hal\dac\fsl_dac_hal.o
LOAD mbed-src\targets\hal\TARGET_Freescale\TARGET_KPSDK_MCUS\TARGET_KPSDK_CODE\hal\can\fsl_flexcan_hal.o
LOAD mbed-src\targets\hal\TARGET_Freescale\TARGET_KPSDK_MCUS\TARGET_KPSDK_CODE\hal\adc\fsl_adc_hal.o
LOAD mbed-src\targets\hal\TARGET_Freescale\TARGET_KPSDK_MCUS\TARGET_KPSDK_CODE\drivers\pit\src\fsl_pit_irq.o
LOAD mbed-src\targets\hal\TARGET_Freescale\TARGET_KPSDK_MCUS\TARGET_KPSDK_CODE\drivers\pit\src\fsl_pit_driver.o
LOAD mbed-src\targets\hal\TARGET_Freescale\TARGET_KPSDK_MCUS\TARGET_KPSDK_CODE\drivers\pit\common\fsl_pit_common.o
LOAD mbed-src\targets\hal\TARGET_Freescale\TARGET_KPSDK_MCUS\TARGET_KPSDK_CODE\drivers\enet\src\fsl_enet_irq.o
LOAD mbed-src\targets\hal\TARGET_Freescale\TARGET_KPSDK_MCUS\TARGET_KPSDK_CODE\drivers\clock\fsl_clock_manager.o
LOAD mbed-src\targets\hal\TARGET_Freescale\TARGET_KPSDK_MCUS\TARGET_KPSDK_CODE\common\phyksz8081\fsl_phy_driver.o
LOAD mbed-src\targets\cmsis\TARGET_Freescale\TARGET_MCU_K64F\system_MK64F12.o
LOAD mbed-src\targets\cmsis\TARGET_Freescale\TARGET_MCU_K64F\cmsis_nvic.o
LOAD mbed-src\targets\cmsis\TARGET_Freescale\TARGET_MCU_K64F\TOOLCHAIN_GCC_ARM\startup_MK64F12.o
LOAD mbed-src\common\wait_api.o
LOAD mbed-src\common\us_ticker_api.o
LOAD mbed-src\common\ticker_api.o
LOAD mbed-src\common\semihost_api.o
LOAD mbed-src\common\rtc_time.o
LOAD mbed-src\common\retarget.o
LOAD mbed-src\common\pinmap_common.o
LOAD mbed-src\common\mbed_interface.o
LOAD mbed-src\common\lp_ticker_api.o
LOAD mbed-src\common\gpio.o
LOAD mbed-src\common\error.o
LOAD mbed-src\common\board.o
LOAD mbed-src\common\assert.o
LOAD mbed-src\common\TimerEvent.o
LOAD mbed-src\common\Timer.o
LOAD mbed-src\common\Timeout.o
LOAD mbed-src\common\Ticker.o
LOAD mbed-src\common\Stream.o
LOAD mbed-src\common\SerialBase.o
LOAD mbed-src\common\Serial.o
LOAD mbed-src\common\SPISlave.o
LOAD mbed-src\common\SPI.o
LOAD mbed-src\common\RawSerial.o
LOAD mbed-src\common\LocalFileSystem.o
LOAD mbed-src\common\InterruptManager.o
LOAD mbed-src\common\InterruptIn.o
LOAD mbed-src\common\I2CSlave.o
LOAD mbed-src\common\I2C.o
LOAD mbed-src\common\FileSystemLike.o
LOAD mbed-src\common\FilePath.o
LOAD mbed-src\common\FileLike.o
LOAD mbed-src\common\FileBase.o
LOAD mbed-src\common\Ethernet.o
LOAD mbed-src\common\CallChain.o
LOAD mbed-src\common\CAN.o
LOAD mbed-src\common\BusOut.o
LOAD mbed-src\common\BusInOut.o
LOAD mbed-src\common\BusIn.o
LOAD mbed-rtos\rtx\TARGET_CORTEX_M\rt_Timer.o
LOAD mbed-rtos\rtx\TARGET_CORTEX_M\rt_Time.o
LOAD mbed-rtos\rtx\TARGET_CORTEX_M\rt_Task.o
LOAD mbed-rtos\rtx\TARGET_CORTEX_M\rt_System.o
LOAD mbed-rtos\rtx\TARGET_CORTEX_M\rt_Semaphore.o
LOAD mbed-rtos\rtx\TARGET_CORTEX_M\rt_Robin.o
LOAD mbed-rtos\rtx\TARGET_CORTEX_M\rt_Mutex.o
LOAD mbed-rtos\rtx\TARGET_CORTEX_M\rt_Memory.o
LOAD mbed-rtos\rtx\TARGET_CORTEX_M\rt_MemBox.o
LOAD mbed-rtos\rtx\TARGET_CORTEX_M\rt_Mailbox.o
LOAD mbed-rtos\rtx\TARGET_CORTEX_M\rt_List.o
LOAD mbed-rtos\rtx\TARGET_CORTEX_M\rt_Event.o
LOAD mbed-rtos\rtx\TARGET_CORTEX_M\rt_CMSIS.o
LOAD mbed-rtos\rtx\TARGET_CORTEX_M\TARGET_RTOS_M4_M7\TOOLCHAIN_GCC\SVC_Table.o
LOAD mbed-rtos\rtx\TARGET_CORTEX_M\TARGET_RTOS_M4_M7\TOOLCHAIN_GCC\HAL_CM4.o
LOAD mbed-rtos\rtx\TARGET_CORTEX_M\RTX_Conf_CM.o
LOAD mbed-rtos\rtx\TARGET_CORTEX_M\HAL_CM.o
LOAD mbed-rtos\rtos\rtos_idle.o
LOAD mbed-rtos\rtos\Thread.o
LOAD mbed-rtos\rtos\Semaphore.o
LOAD mbed-rtos\rtos\RtosTimer.o
LOAD mbed-rtos\rtos\Mutex.o
LOAD main.o
LOAD ZigbeeSerialConnection.o
LOAD ZigbeeDevice.o
LOAD TcpServer.o
LOAD TcpConnection.o
LOAD EthernetInterface\lwip-sys\arch\sys_arch.o
LOAD EthernetInterface\lwip-sys\arch\memcpy.o
LOAD EthernetInterface\lwip-sys\arch\checksum.o
LOAD EthernetInterface\lwip-eth\arch\TARGET_Freescale\k64f_emac.o
LOAD EthernetInterface\lwip-eth\arch\TARGET_Freescale\hardware_init_MK64F12.o
LOAD EthernetInterface\lwip-eth\arch\TARGET_Freescale\fsl_enet_driver.o
LOAD EthernetInterface\lwip\netif\slipif.o
LOAD EthernetInterface\lwip\netif\ppp\vj.o
LOAD EthernetInterface\lwip\netif\ppp\randm.o
LOAD EthernetInterface\lwip\netif\ppp\ppp_oe.o
LOAD EthernetInterface\lwip\netif\ppp\ppp.o
LOAD EthernetInterface\lwip\netif\ppp\pap.o
LOAD EthernetInterface\lwip\netif\ppp\md5.o
LOAD EthernetInterface\lwip\netif\ppp\magic.o
LOAD EthernetInterface\lwip\netif\ppp\lcp.o
LOAD EthernetInterface\lwip\netif\ppp\ipcp.o
LOAD EthernetInterface\lwip\netif\ppp\fsm.o
LOAD EthernetInterface\lwip\netif\ppp\chpms.o
LOAD EthernetInterface\lwip\netif\ppp\chap.o
LOAD EthernetInterface\lwip\netif\ppp\auth.o
LOAD EthernetInterface\lwip\netif\ethernetif.o
LOAD EthernetInterface\lwip\netif\etharp.o
LOAD EthernetInterface\lwip\core\udp.o
LOAD EthernetInterface\lwip\core\timers.o
LOAD EthernetInterface\lwip\core\tcp_out.o
LOAD EthernetInterface\lwip\core\tcp_in.o
LOAD EthernetInterface\lwip\core\tcp.o
LOAD EthernetInterface\lwip\core\stats.o
LOAD EthernetInterface\lwip\core\snmp\msg_out.o
LOAD EthernetInterface\lwip\core\snmp\msg_in.o
LOAD EthernetInterface\lwip\core\snmp\mib_structs.o
LOAD EthernetInterface\lwip\core\snmp\mib2.o
LOAD EthernetInterface\lwip\core\snmp\asn1_enc.o
LOAD EthernetInterface\lwip\core\snmp\asn1_dec.o
LOAD EthernetInterface\lwip\core\raw.o
LOAD EthernetInterface\lwip\core\pbuf.o
LOAD EthernetInterface\lwip\core\netif.o
LOAD EthernetInterface\lwip\core\memp.o
LOAD EthernetInterface\lwip\core\mem.o
LOAD EthernetInterface\lwip\core\ipv4\ip_frag.o
LOAD EthernetInterface\lwip\core\ipv4\ip_addr.o
LOAD EthernetInterface\lwip\core\ipv4\ip.o
LOAD EthernetInterface\lwip\core\ipv4\inet_chksum.o
LOAD EthernetInterface\lwip\core\ipv4\inet.o
LOAD EthernetInterface\lwip\core\ipv4\igmp.o
LOAD EthernetInterface\lwip\core\ipv4\icmp.o
LOAD EthernetInterface\lwip\core\ipv4\autoip.o
LOAD EthernetInterface\lwip\core\init.o
LOAD EthernetInterface\lwip\core\dns.o
LOAD EthernetInterface\lwip\core\dhcp.o
LOAD EthernetInterface\lwip\core\def.o
LOAD EthernetInterface\lwip\api\tcpip.o
LOAD EthernetInterface\lwip\api\sockets.o
LOAD EthernetInterface\lwip\api\netifapi.o
LOAD EthernetInterface\lwip\api\netdb.o
LOAD EthernetInterface\lwip\api\netbuf.o
LOAD EthernetInterface\lwip\api\err.o
LOAD EthernetInterface\lwip\api\api_msg.o
LOAD EthernetInterface\lwip\api\api_lib.o
LOAD EthernetInterface\Socket\UDPSocket.o
LOAD EthernetInterface\Socket\TCPSocketServer.o
LOAD EthernetInterface\Socket\TCPSocketConnection.o
LOAD EthernetInterface\Socket\Socket.o
LOAD EthernetInterface\Socket\Endpoint.o
LOAD EthernetInterface\EthernetInterface.o
LOAD c:/freescale/kds_v3/toolchain/bin/../lib/gcc/arm-none-eabi/4.8.4/../../../../arm-none-eabi/lib/armv7e-m/softfp\libstdc++.a
LOAD c:/freescale/kds_v3/toolchain/bin/../lib/gcc/arm-none-eabi/4.8.4/../../../../arm-none-eabi/lib/armv7e-m/softfp\libm.a
START GROUP
LOAD c:/freescale/kds_v3/toolchain/bin/../lib/gcc/arm-none-eabi/4.8.4/armv7e-m/softfp\libgcc.a
LOAD c:/freescale/kds_v3/toolchain/bin/../lib/gcc/arm-none-eabi/4.8.4/../../../../arm-none-eabi/lib/armv7e-m/softfp\libg.a
LOAD c:/freescale/kds_v3/toolchain/bin/../lib/gcc/arm-none-eabi/4.8.4/../../../../arm-none-eabi/lib/armv7e-m/softfp\libc.a
END GROUP
START GROUP
LOAD c:/freescale/kds_v3/toolchain/bin/../lib/gcc/arm-none-eabi/4.8.4/armv7e-m/softfp\libgcc.a
LOAD c:/freescale/kds_v3/toolchain/bin/../lib/gcc/arm-none-eabi/4.8.4/../../../../arm-none-eabi/lib/armv7e-m/softfp\libc.a
LOAD c:/freescale/kds_v3/toolchain/bin/../lib/gcc/arm-none-eabi/4.8.4/../../../../arm-none-eabi/lib/armv7e-m/softfp\libnosys.a
END GROUP
LOAD c:/freescale/kds_v3/toolchain/bin/../lib/gcc/arm-none-eabi/4.8.4/armv7e-m/softfp/crtend.o
LOAD c:/freescale/kds_v3/toolchain/bin/../lib/gcc/arm-none-eabi/4.8.4/armv7e-m/softfp/crtn.o

.isr_vector     0x00000000      0x1f0
                0x00000000                __vector_table = .
 *(.vector_table)
 .vector_table  0x00000000      0x198 mbed-src\targets\cmsis\TARGET_Freescale\TARGET_MCU_K64F\TOOLCHAIN_GCC_ARM\startup_MK64F12.o
                0x00000000                __isr_vector
 *(.text.Reset_Handler)
 .text.Reset_Handler
                0x00000198       0x58 mbed-src\targets\cmsis\TARGET_Freescale\TARGET_MCU_K64F\TOOLCHAIN_GCC_ARM\startup_MK64F12.o
                0x00000198                Reset_Handler
 *(.text.System_Init)
                0x000001f0                . = ALIGN (0x4)

.flash_protect  0x00000400       0x10
 *(.kinetis_flash_config_field)
 .kinetis_flash_config_field
                0x00000400       0x10 mbed-src\targets\cmsis\TARGET_Freescale\TARGET_MCU_K64F\TOOLCHAIN_GCC_ARM\startup_MK64F12.o
                0x00000410                . = ALIGN (0x4)

.text           0x00000410    0x1e3e8
 *(.text*)
 .text          0x00000410       0x54 c:/freescale/kds_v3/toolchain/bin/../lib/gcc/arm-none-eabi/4.8.4/armv7e-m/softfp/crtbegin.o
 .text          0x00000464       0x74 c:/freescale/kds_v3/toolchain/bin/../lib/gcc/arm-none-eabi/4.8.4/../../../../arm-none-eabi/lib/armv7e-m/softfp/crt0.o
                0x00000464                _start
                0x00000464                _mainCRTStartup
 .text.NVIC_EnableIRQ
                0x000004d8       0x30 mbed-src\targets\hal\TARGET_Freescale\TARGET_KPSDK_MCUS\us_ticker.o
 .text.PIT_HAL_Enable
                0x00000508       0x20 mbed-src\targets\hal\TARGET_Freescale\TARGET_KPSDK_MCUS\us_ticker.o
 .text.PIT_HAL_SetTimerChainCmd
                0x00000528       0x4c mbed-src\targets\hal\TARGET_Freescale\TARGET_KPSDK_MCUS\us_ticker.o
 .text.PIT_HAL_StartTimer
                0x00000574       0x44 mbed-src\targets\hal\TARGET_Freescale\TARGET_KPSDK_MCUS\us_ticker.o
 .text.PIT_HAL_StopTimer
                0x000005b8       0x44 mbed-src\targets\hal\TARGET_Freescale\TARGET_KPSDK_MCUS\us_ticker.o
 .text.PIT_HAL_SetTimerPeriodByCount
                0x000005fc       0x40 mbed-src\targets\hal\TARGET_Freescale\TARGET_KPSDK_MCUS\us_ticker.o
 .text.PIT_HAL_ReadTimerCount
                0x0000063c       0x40 mbed-src\targets\hal\TARGET_Freescale\TARGET_KPSDK_MCUS\us_ticker.o
 .text.PIT_HAL_SetIntCmd
                0x0000067c       0x4c mbed-src\targets\hal\TARGET_Freescale\TARGET_KPSDK_MCUS\us_ticker.o
 .text.PIT_HAL_ClearIntFlag
                0x000006c8       0x40 mbed-src\targets\hal\TARGET_Freescale\TARGET_KPSDK_MCUS\us_ticker.o
 .text.CLOCK_SYS_EnablePitClock
                0x00000708       0x20 mbed-src\targets\hal\TARGET_Freescale\TARGET_KPSDK_MCUS\us_ticker.o
 .text.us_ticker_init
                0x00000728       0xac mbed-src\targets\hal\TARGET_Freescale\TARGET_KPSDK_MCUS\us_ticker.o
                0x00000728                us_ticker_init
 .text.us_ticker_read
                0x000007d4       0x28 mbed-src\targets\hal\TARGET_Freescale\TARGET_KPSDK_MCUS\us_ticker.o
                0x000007d4                us_ticker_read
 .text.us_ticker_disable_interrupt
                0x000007fc       0x14 mbed-src\targets\hal\TARGET_Freescale\TARGET_KPSDK_MCUS\us_ticker.o
                0x000007fc                us_ticker_disable_interrupt
 .text.us_ticker_clear_interrupt
                0x00000810       0x14 mbed-src\targets\hal\TARGET_Freescale\TARGET_KPSDK_MCUS\us_ticker.o
                0x00000810                us_ticker_clear_interrupt
 .text.us_ticker_set_interrupt
                0x00000824       0x60 mbed-src\targets\hal\TARGET_Freescale\TARGET_KPSDK_MCUS\us_ticker.o
                0x00000824                us_ticker_set_interrupt
 .text.UART_HAL_EnableTransmitter
                0x00000884       0x24 mbed-src\targets\hal\TARGET_Freescale\TARGET_KPSDK_MCUS\serial_api.o
 .text.UART_HAL_DisableTransmitter
                0x000008a8       0x24 mbed-src\targets\hal\TARGET_Freescale\TARGET_KPSDK_MCUS\serial_api.o
 .text.UART_HAL_EnableReceiver
                0x000008cc       0x24 mbed-src\targets\hal\TARGET_Freescale\TARGET_KPSDK_MCUS\serial_api.o
 .text.UART_HAL_DisableReceiver
                0x000008f0       0x24 mbed-src\targets\hal\TARGET_Freescale\TARGET_KPSDK_MCUS\serial_api.o
 .text.UART_HAL_SetBitCountPerChar
                0x00000914       0x28 mbed-src\targets\hal\TARGET_Freescale\TARGET_KPSDK_MCUS\serial_api.o
 .text.UART_HAL_SetParityMode
                0x0000093c       0x2c mbed-src\targets\hal\TARGET_Freescale\TARGET_KPSDK_MCUS\serial_api.o
 .text.UART_HAL_SetStopBitCount
                0x00000968       0x24 mbed-src\targets\hal\TARGET_Freescale\TARGET_KPSDK_MCUS\serial_api.o
 .text.UART_HAL_IsTxDataRegEmpty
                0x0000098c       0x30 mbed-src\targets\hal\TARGET_Freescale\TARGET_KPSDK_MCUS\serial_api.o
 .text.UART_HAL_IsRxDataRegFull
                0x000009bc       0x30 mbed-src\targets\hal\TARGET_Freescale\TARGET_KPSDK_MCUS\serial_api.o
 .text.CLOCK_SYS_EnableUartClock
                0x000009ec       0x20 mbed-src\targets\hal\TARGET_Freescale\TARGET_KPSDK_MCUS\serial_api.o
 .text.serial_init
                0x00000a0c      0x1c0 mbed-src\targets\hal\TARGET_Freescale\TARGET_KPSDK_MCUS\serial_api.o
                0x00000a0c                serial_init
 .text.serial_getc
                0x00000bcc       0x58 mbed-src\targets\hal\TARGET_Freescale\TARGET_KPSDK_MCUS\serial_api.o
                0x00000bcc                serial_getc
 .text.serial_putc
                0x00000c24       0x54 mbed-src\targets\hal\TARGET_Freescale\TARGET_KPSDK_MCUS\serial_api.o
                0x00000c24                serial_putc
 .text.serial_readable
                0x00000c78       0x78 mbed-src\targets\hal\TARGET_Freescale\TARGET_KPSDK_MCUS\serial_api.o
                0x00000c78                serial_readable
 .text.serial_writable
                0x00000cf0       0x78 mbed-src\targets\hal\TARGET_Freescale\TARGET_KPSDK_MCUS\serial_api.o
                0x00000cf0                serial_writable
 .text.CLOCK_SYS_EnablePortClock
                0x00000d68       0x20 mbed-src\targets\hal\TARGET_Freescale\TARGET_KPSDK_MCUS\pinmap.o
 .text.PORT_HAL_SetPullMode
                0x00000d88       0x44 mbed-src\targets\hal\TARGET_Freescale\TARGET_KPSDK_MCUS\pinmap.o
 .text.PORT_HAL_SetPullCmd
                0x00000dcc       0x48 mbed-src\targets\hal\TARGET_Freescale\TARGET_KPSDK_MCUS\pinmap.o
 .text.PORT_HAL_SetMuxMode
                0x00000e14       0x54 mbed-src\targets\hal\TARGET_Freescale\TARGET_KPSDK_MCUS\pinmap.o
 .text.pin_function
                0x00000e68       0x6c mbed-src\targets\hal\TARGET_Freescale\TARGET_KPSDK_MCUS\pinmap.o
                0x00000e68                pin_function
 .text.pin_mode
                0x00000ed4       0xf4 mbed-src\targets\hal\TARGET_Freescale\TARGET_KPSDK_MCUS\pinmap.o
                0x00000ed4                pin_mode
 .text.NVIC_EnableIRQ
                0x00000fc8       0x30 mbed-src\targets\hal\TARGET_Freescale\TARGET_KPSDK_MCUS\gpio_irq_api.o
 .text.GPIO_HAL_ReadPinInput
                0x00000ff8       0x44 mbed-src\targets\hal\TARGET_Freescale\TARGET_KPSDK_MCUS\gpio_irq_api.o
 .text.PORT_HAL_SetPinIntMode
                0x0000103c       0x58 mbed-src\targets\hal\TARGET_Freescale\TARGET_KPSDK_MCUS\gpio_irq_api.o
 .text.PORT_HAL_IsPinIntPending
                0x00001094       0x50 mbed-src\targets\hal\TARGET_Freescale\TARGET_KPSDK_MCUS\gpio_irq_api.o
 .text.PORT_HAL_ClearPinIntFlag
                0x000010e4       0x44 mbed-src\targets\hal\TARGET_Freescale\TARGET_KPSDK_MCUS\gpio_irq_api.o
 .text.PORT_HAL_ClearPortIntFlag
                0x00001128       0x1c mbed-src\targets\hal\TARGET_Freescale\TARGET_KPSDK_MCUS\gpio_irq_api.o
 .text.handle_interrupt_in
                0x00001144      0x118 mbed-src\targets\hal\TARGET_Freescale\TARGET_KPSDK_MCUS\gpio_irq_api.o
 .text.gpio_irqA
                0x0000125c       0x10 mbed-src\targets\hal\TARGET_Freescale\TARGET_KPSDK_MCUS\gpio_irq_api.o
                0x0000125c                gpio_irqA
 .text.gpio_irqB
                0x0000126c       0x10 mbed-src\targets\hal\TARGET_Freescale\TARGET_KPSDK_MCUS\gpio_irq_api.o
                0x0000126c                gpio_irqB
 .text.gpio_irqC
                0x0000127c       0x10 mbed-src\targets\hal\TARGET_Freescale\TARGET_KPSDK_MCUS\gpio_irq_api.o
                0x0000127c                gpio_irqC
 .text.gpio_irqD
                0x0000128c       0x10 mbed-src\targets\hal\TARGET_Freescale\TARGET_KPSDK_MCUS\gpio_irq_api.o
                0x0000128c                gpio_irqD
 .text.gpio_irqE
                0x0000129c       0x10 mbed-src\targets\hal\TARGET_Freescale\TARGET_KPSDK_MCUS\gpio_irq_api.o
                0x0000129c                gpio_irqE
 .text.gpio_irq_init
                0x000012ac      0x10c mbed-src\targets\hal\TARGET_Freescale\TARGET_KPSDK_MCUS\gpio_irq_api.o
                0x000012ac                gpio_irq_init
 .text.gpio_irq_free
                0x000013b8       0x24 mbed-src\targets\hal\TARGET_Freescale\TARGET_KPSDK_MCUS\gpio_irq_api.o
                0x000013b8                gpio_irq_free
 .text.gpio_irq_set
                0x000013dc      0x154 mbed-src\targets\hal\TARGET_Freescale\TARGET_KPSDK_MCUS\gpio_irq_api.o
                0x000013dc                gpio_irq_set
 .text.PORT_HAL_SetMuxMode
                0x00001530       0x54 mbed-src\targets\hal\TARGET_Freescale\TARGET_KPSDK_MCUS\gpio_api.o
 .text.CLOCK_SYS_EnablePortClock
                0x00001584       0x20 mbed-src\targets\hal\TARGET_Freescale\TARGET_KPSDK_MCUS\gpio_api.o
 .text.gpio_init
                0x000015a4       0x5c mbed-src\targets\hal\TARGET_Freescale\TARGET_KPSDK_MCUS\gpio_api.o
                0x000015a4                gpio_init
 .text.gpio_mode
                0x00001600       0x20 mbed-src\targets\hal\TARGET_Freescale\TARGET_KPSDK_MCUS\gpio_api.o
                0x00001600                gpio_mode
 .text.gpio_dir
                0x00001620       0x94 mbed-src\targets\hal\TARGET_Freescale\TARGET_KPSDK_MCUS\gpio_api.o
                0x00001620                gpio_dir
 .text.NMI_Handler
                0x000016b4       0x18 mbed-src\targets\hal\TARGET_Freescale\TARGET_KPSDK_MCUS\TARGET_MCU_K64F\TARGET_FRDM\mbed_overrides.o
                0x000016b4                NMI_Handler
 .text.mbed_mac_address
                0x000016cc       0xb4 mbed-src\targets\hal\TARGET_Freescale\TARGET_KPSDK_MCUS\TARGET_MCU_K64F\TARGET_FRDM\mbed_overrides.o
                0x000016cc                mbed_mac_address
 .text.reflect  0x00001780       0x58 mbed-src\targets\hal\TARGET_Freescale\TARGET_KPSDK_MCUS\TARGET_MCU_K64F\TARGET_FRDM\crc.o
 .text.crcSlow  0x000017d8       0x90 mbed-src\targets\hal\TARGET_Freescale\TARGET_KPSDK_MCUS\TARGET_MCU_K64F\TARGET_FRDM\crc.o
                0x000017d8                crcSlow
 .text.SIM_HAL_EnablePortClock
                0x00001868       0x8c mbed-src\targets\hal\TARGET_Freescale\TARGET_KPSDK_MCUS\TARGET_MCU_K64F\MK64F12\fsl_sim_hal_K64F12.o
                0x00001868                SIM_HAL_EnablePortClock
 .text.SIM_HAL_EnablePitClock
                0x000018f4       0x28 mbed-src\targets\hal\TARGET_Freescale\TARGET_KPSDK_MCUS\TARGET_MCU_K64F\MK64F12\fsl_sim_hal_K64F12.o
                0x000018f4                SIM_HAL_EnablePitClock
 .text.SIM_HAL_EnableEnetClock
                0x0000191c       0x24 mbed-src\targets\hal\TARGET_Freescale\TARGET_KPSDK_MCUS\TARGET_MCU_K64F\MK64F12\fsl_sim_hal_K64F12.o
                0x0000191c                SIM_HAL_EnableEnetClock
 .text.SIM_HAL_EnableUartClock
                0x00001940       0xa4 mbed-src\targets\hal\TARGET_Freescale\TARGET_KPSDK_MCUS\TARGET_MCU_K64F\MK64F12\fsl_sim_hal_K64F12.o
                0x00001940                SIM_HAL_EnableUartClock
 .text.CLOCK_SYS_GetUartFreq
                0x000019e4       0x58 mbed-src\targets\hal\TARGET_Freescale\TARGET_KPSDK_MCUS\TARGET_MCU_K64F\MK64F12\fsl_clock_K64F12.o
                0x000019e4                CLOCK_SYS_GetUartFreq
 .text.time_delay
                0x00001a3c       0x18 mbed-src\targets\hal\TARGET_Freescale\TARGET_KPSDK_MCUS\TARGET_KPSDK_CODE\utilities\src\fsl_os_abstraction_mbed.o
                0x00001a3c                time_delay
 .text.UART_HAL_Init
                0x00001a54       0x98 mbed-src\targets\hal\TARGET_Freescale\TARGET_KPSDK_MCUS\TARGET_KPSDK_CODE\hal\uart\fsl_uart_hal.o
                0x00001a54                UART_HAL_Init
 .text.UART_HAL_SetBaudRate
                0x00001aec       0xa4 mbed-src\targets\hal\TARGET_Freescale\TARGET_KPSDK_MCUS\TARGET_KPSDK_CODE\hal\uart\fsl_uart_hal.o
                0x00001aec                UART_HAL_SetBaudRate
 .text.UART_HAL_Putchar
                0x00001b90       0x24 mbed-src\targets\hal\TARGET_Freescale\TARGET_KPSDK_MCUS\TARGET_KPSDK_CODE\hal\uart\fsl_uart_hal.o
                0x00001b90                UART_HAL_Putchar
 .text.UART_HAL_Getchar
                0x00001bb4       0x28 mbed-src\targets\hal\TARGET_Freescale\TARGET_KPSDK_MCUS\TARGET_KPSDK_CODE\hal\uart\fsl_uart_hal.o
                0x00001bb4                UART_HAL_Getchar
 .text.UART_HAL_GetStatusFlag
                0x00001bdc       0xc0 mbed-src\targets\hal\TARGET_Freescale\TARGET_KPSDK_MCUS\TARGET_KPSDK_CODE\hal\uart\fsl_uart_hal.o
                0x00001bdc                UART_HAL_GetStatusFlag
 .text.UART_HAL_ClearStatusFlag
                0x00001c9c      0x17c mbed-src\targets\hal\TARGET_Freescale\TARGET_KPSDK_MCUS\TARGET_KPSDK_CODE\hal\uart\fsl_uart_hal.o
                0x00001c9c                UART_HAL_ClearStatusFlag
 .text.UART_HAL_FlushTxFifo
                0x00001e18       0x40 mbed-src\targets\hal\TARGET_Freescale\TARGET_KPSDK_MCUS\TARGET_KPSDK_CODE\hal\uart\fsl_uart_hal.o
                0x00001e18                UART_HAL_FlushTxFifo
 .text.CLOCK_HAL_SetSource
                0x00001e58      0x190 mbed-src\targets\hal\TARGET_Freescale\TARGET_KPSDK_MCUS\TARGET_KPSDK_CODE\hal\sim\fsl_sim_hal.o
                0x00001e58                CLOCK_HAL_SetSource
 .text.CLOCK_HAL_GetDivider
                0x00001fe8      0x12c mbed-src\targets\hal\TARGET_Freescale\TARGET_KPSDK_MCUS\TARGET_KPSDK_CODE\hal\sim\fsl_sim_hal.o
                0x00001fe8                CLOCK_HAL_GetDivider
 .text.CLOCK_HAL_GetClkSrcMode
                0x00002114       0x20 mbed-src\targets\hal\TARGET_Freescale\TARGET_KPSDK_MCUS\TARGET_KPSDK_CODE\hal\mcg\fsl_mcg_hal.o
 .text.CLOCK_HAL_GetFllExternalRefDivider
                0x00002134       0x24 mbed-src\targets\hal\TARGET_Freescale\TARGET_KPSDK_MCUS\TARGET_KPSDK_CODE\hal\mcg\fsl_mcg_hal.o
 .text.CLOCK_HAL_GetInternalRefSelMode
                0x00002158       0x24 mbed-src\targets\hal\TARGET_Freescale\TARGET_KPSDK_MCUS\TARGET_KPSDK_CODE\hal\mcg\fsl_mcg_hal.o
 .text.CLOCK_HAL_GetRange0Mode
                0x0000217c       0x24 mbed-src\targets\hal\TARGET_Freescale\TARGET_KPSDK_MCUS\TARGET_KPSDK_CODE\hal\mcg\fsl_mcg_hal.o
 .text.CLOCK_HAL_GetInternalRefClkSelMode
                0x000021a0       0x24 mbed-src\targets\hal\TARGET_Freescale\TARGET_KPSDK_MCUS\TARGET_KPSDK_CODE\hal\mcg\fsl_mcg_hal.o
 .text.CLOCK_HAL_GetDmx32
                0x000021c4       0x24 mbed-src\targets\hal\TARGET_Freescale\TARGET_KPSDK_MCUS\TARGET_KPSDK_CODE\hal\mcg\fsl_mcg_hal.o
 .text.CLOCK_HAL_GetDigitalControlledOscRangeMode
                0x000021e8       0x24 mbed-src\targets\hal\TARGET_Freescale\TARGET_KPSDK_MCUS\TARGET_KPSDK_CODE\hal\mcg\fsl_mcg_hal.o
 .text.CLOCK_HAL_GetPllExternalRefDivider0
                0x0000220c       0x20 mbed-src\targets\hal\TARGET_Freescale\TARGET_KPSDK_MCUS\TARGET_KPSDK_CODE\hal\mcg\fsl_mcg_hal.o
 .text.CLOCK_HAL_GetPllSelMode
                0x0000222c       0x24 mbed-src\targets\hal\TARGET_Freescale\TARGET_KPSDK_MCUS\TARGET_KPSDK_CODE\hal\mcg\fsl_mcg_hal.o
 .text.CLOCK_HAL_GetVoltCtrlOscDivider0
                0x00002250       0x20 mbed-src\targets\hal\TARGET_Freescale\TARGET_KPSDK_MCUS\TARGET_KPSDK_CODE\hal\mcg\fsl_mcg_hal.o
 .text.CLOCK_HAL_GetFastClkInternalRefDivider
                0x00002270       0x24 mbed-src\targets\hal\TARGET_Freescale\TARGET_KPSDK_MCUS\TARGET_KPSDK_CODE\hal\mcg\fsl_mcg_hal.o
 .text.CLOCK_HAL_GetOscselMode
                0x00002294       0x20 mbed-src\targets\hal\TARGET_Freescale\TARGET_KPSDK_MCUS\TARGET_KPSDK_CODE\hal\mcg\fsl_mcg_hal.o
 .text.CLOCK_HAL_GetFllRefClk
                0x000022b4       0x9c mbed-src\targets\hal\TARGET_Freescale\TARGET_KPSDK_MCUS\TARGET_KPSDK_CODE\hal\mcg\fsl_mcg_hal.o
                0x000022b4                CLOCK_HAL_GetFllRefClk
 .text.CLOCK_HAL_GetFllClk
                0x00002350       0xf4 mbed-src\targets\hal\TARGET_Freescale\TARGET_KPSDK_MCUS\TARGET_KPSDK_CODE\hal\mcg\fsl_mcg_hal.o
                0x00002350                CLOCK_HAL_GetFllClk
 .text.CLOCK_HAL_GetPll0Clk
                0x00002444       0x7c mbed-src\targets\hal\TARGET_Freescale\TARGET_KPSDK_MCUS\TARGET_KPSDK_CODE\hal\mcg\fsl_mcg_hal.o
                0x00002444                CLOCK_HAL_GetPll0Clk
 .text.CLOCK_HAL_GetInternalRefClk
                0x000024c0       0x3c mbed-src\targets\hal\TARGET_Freescale\TARGET_KPSDK_MCUS\TARGET_KPSDK_CODE\hal\mcg\fsl_mcg_hal.o
                0x000024c0                CLOCK_HAL_GetInternalRefClk
 .text.CLOCK_HAL_GetOutClk
                0x000024fc       0xa8 mbed-src\targets\hal\TARGET_Freescale\TARGET_KPSDK_MCUS\TARGET_KPSDK_CODE\hal\mcg\fsl_mcg_hal.o
                0x000024fc                CLOCK_HAL_GetOutClk
 .text.GPIO_HAL_SetPinDir
                0x000025a4       0x68 mbed-src\targets\hal\TARGET_Freescale\TARGET_KPSDK_MCUS\TARGET_KPSDK_CODE\hal\gpio\fsl_gpio_hal.o
                0x000025a4                GPIO_HAL_SetPinDir
 .text.GPIO_HAL_WritePinOutput
                0x0000260c       0x54 mbed-src\targets\hal\TARGET_Freescale\TARGET_KPSDK_MCUS\TARGET_KPSDK_CODE\hal\gpio\fsl_gpio_hal.o
                0x0000260c                GPIO_HAL_WritePinOutput
 .text.enet_hal_set_mac_address
                0x00002660       0x6c mbed-src\targets\hal\TARGET_Freescale\TARGET_KPSDK_MCUS\TARGET_KPSDK_CODE\hal\enet\fsl_enet_hal.o
                0x00002660                enet_hal_set_mac_address
 .text.enet_hal_set_group_hashtable
                0x000026cc       0xd8 mbed-src\targets\hal\TARGET_Freescale\TARGET_KPSDK_MCUS\TARGET_KPSDK_CODE\hal\enet\fsl_enet_hal.o
                0x000026cc                enet_hal_set_group_hashtable
 .text.enet_hal_set_individual_hashtable
                0x000027a4       0xd8 mbed-src\targets\hal\TARGET_Freescale\TARGET_KPSDK_MCUS\TARGET_KPSDK_CODE\hal\enet\fsl_enet_hal.o
                0x000027a4                enet_hal_set_individual_hashtable
 .text.enet_hal_config_tx_fifo
                0x0000287c       0xd4 mbed-src\targets\hal\TARGET_Freescale\TARGET_KPSDK_MCUS\TARGET_KPSDK_CODE\hal\enet\fsl_enet_hal.o
                0x0000287c                enet_hal_config_tx_fifo
 .text.enet_hal_config_rx_fifo
                0x00002950       0xbc mbed-src\targets\hal\TARGET_Freescale\TARGET_KPSDK_MCUS\TARGET_KPSDK_CODE\hal\enet\fsl_enet_hal.o
                0x00002950                enet_hal_config_rx_fifo
 .text.enet_hal_init_rxbds
                0x00002a0c       0x94 mbed-src\targets\hal\TARGET_Freescale\TARGET_KPSDK_MCUS\TARGET_KPSDK_CODE\hal\enet\fsl_enet_hal.o
                0x00002a0c                enet_hal_init_rxbds
 .text.enet_hal_init_txbds
                0x00002aa0       0x50 mbed-src\targets\hal\TARGET_Freescale\TARGET_KPSDK_MCUS\TARGET_KPSDK_CODE\hal\enet\fsl_enet_hal.o
                0x00002aa0                enet_hal_init_txbds
 .text.enet_hal_get_bd_length
                0x00002af0       0x3c mbed-src\targets\hal\TARGET_Freescale\TARGET_KPSDK_MCUS\TARGET_KPSDK_CODE\hal\enet\fsl_enet_hal.o
                0x00002af0                enet_hal_get_bd_length
 .text.enet_hal_config_rmii
                0x00002b2c       0x98 mbed-src\targets\hal\TARGET_Freescale\TARGET_KPSDK_MCUS\TARGET_KPSDK_CODE\hal\enet\fsl_enet_hal.o
                0x00002b2c                enet_hal_config_rmii
 .text.enet_hal_set_mii_command
                0x00002bc4       0x50 mbed-src\targets\hal\TARGET_Freescale\TARGET_KPSDK_MCUS\TARGET_KPSDK_CODE\hal\enet\fsl_enet_hal.o
                0x00002bc4                enet_hal_set_mii_command
 .text.enet_hal_config_ethernet
                0x00002c14       0x50 mbed-src\targets\hal\TARGET_Freescale\TARGET_KPSDK_MCUS\TARGET_KPSDK_CODE\hal\enet\fsl_enet_hal.o
                0x00002c14                enet_hal_config_ethernet
 .text.enet_hal_config_interrupt
                0x00002c64       0x44 mbed-src\targets\hal\TARGET_Freescale\TARGET_KPSDK_MCUS\TARGET_KPSDK_CODE\hal\enet\fsl_enet_hal.o
                0x00002c64                enet_hal_config_interrupt
 .text.enet_hal_config_tx_accelerator
                0x00002ca8       0x74 mbed-src\targets\hal\TARGET_Freescale\TARGET_KPSDK_MCUS\TARGET_KPSDK_CODE\hal\enet\fsl_enet_hal.o
                0x00002ca8                enet_hal_config_tx_accelerator
 .text.enet_hal_config_rx_accelerator
                0x00002d1c       0x9c mbed-src\targets\hal\TARGET_Freescale\TARGET_KPSDK_MCUS\TARGET_KPSDK_CODE\hal\enet\fsl_enet_hal.o
                0x00002d1c                enet_hal_config_rx_accelerator
 .text.PIT_HAL_ClearIntFlag
                0x00002db8       0x40 mbed-src\targets\hal\TARGET_Freescale\TARGET_KPSDK_MCUS\TARGET_KPSDK_CODE\drivers\pit\src\fsl_pit_irq.o
 .text.PIT0_IRQHandler
                0x00002df8       0x28 mbed-src\targets\hal\TARGET_Freescale\TARGET_KPSDK_MCUS\TARGET_KPSDK_CODE\drivers\pit\src\fsl_pit_irq.o
                0x00002df8                PIT0_IRQHandler
 .text.PIT1_IRQHandler
                0x00002e20       0x28 mbed-src\targets\hal\TARGET_Freescale\TARGET_KPSDK_MCUS\TARGET_KPSDK_CODE\drivers\pit\src\fsl_pit_irq.o
                0x00002e20                PIT1_IRQHandler
 .text.PIT2_IRQHandler
                0x00002e48       0x28 mbed-src\targets\hal\TARGET_Freescale\TARGET_KPSDK_MCUS\TARGET_KPSDK_CODE\drivers\pit\src\fsl_pit_irq.o
                0x00002e48                PIT2_IRQHandler
 .text.PIT3_IRQHandler
                0x00002e70       0x28 mbed-src\targets\hal\TARGET_Freescale\TARGET_KPSDK_MCUS\TARGET_KPSDK_CODE\drivers\pit\src\fsl_pit_irq.o
                0x00002e70                PIT3_IRQHandler
 .text.CLOCK_SYS_GetSysClkFreq
                0x00002e98       0x8c mbed-src\targets\hal\TARGET_Freescale\TARGET_KPSDK_MCUS\TARGET_KPSDK_CODE\drivers\clock\fsl_clock_manager.o
                0x00002e98                CLOCK_SYS_GetSysClkFreq
 .text.CLOCK_SYS_GetFreq
                0x00002f24      0x164 mbed-src\targets\hal\TARGET_Freescale\TARGET_KPSDK_MCUS\TARGET_KPSDK_CODE\drivers\clock\fsl_clock_manager.o
                0x00002f24                CLOCK_SYS_GetFreq
 .text.phy_init
                0x00003088      0x108 mbed-src\targets\hal\TARGET_Freescale\TARGET_KPSDK_MCUS\TARGET_KPSDK_CODE\common\phyksz8081\fsl_phy_driver.o
                0x00003088                phy_init
 .text.phy_auto_discover
                0x00003190       0x78 mbed-src\targets\hal\TARGET_Freescale\TARGET_KPSDK_MCUS\TARGET_KPSDK_CODE\common\phyksz8081\fsl_phy_driver.o
                0x00003190                phy_auto_discover
 .text.phy_get_link_speed
                0x00003208       0x70 mbed-src\targets\hal\TARGET_Freescale\TARGET_KPSDK_MCUS\TARGET_KPSDK_CODE\common\phyksz8081\fsl_phy_driver.o
                0x00003208                phy_get_link_speed
 .text.phy_get_link_status
                0x00003278       0x9c mbed-src\targets\hal\TARGET_Freescale\TARGET_KPSDK_MCUS\TARGET_KPSDK_CODE\common\phyksz8081\fsl_phy_driver.o
                0x00003278                phy_get_link_status
 .text.phy_get_link_duplex
                0x00003314       0x70 mbed-src\targets\hal\TARGET_Freescale\TARGET_KPSDK_MCUS\TARGET_KPSDK_CODE\common\phyksz8081\fsl_phy_driver.o
                0x00003314                phy_get_link_duplex
 .text.SystemInit
                0x00003384      0x1f4 mbed-src\targets\cmsis\TARGET_Freescale\TARGET_MCU_K64F\system_MK64F12.o
                0x00003384                SystemInit
 .text.NVIC_SetVector
                0x00003578       0x70 mbed-src\targets\cmsis\TARGET_Freescale\TARGET_MCU_K64F\cmsis_nvic.o
                0x00003578                NVIC_SetVector
 .text          0x000035e8       0x14 mbed-src\targets\cmsis\TARGET_Freescale\TARGET_MCU_K64F\TOOLCHAIN_GCC_ARM\startup_MK64F12.o
                0x000035ea                HardFault_Handler
                0x000035ec                MemManage_Handler
                0x000035ee                BusFault_Handler
                0x000035f0                UsageFault_Handler
                0x000035f4                DebugMon_Handler
                0x000035fa                UART0_RX_TX_IRQHandler
                0x000035fa                I2C1_IRQHandler
                0x000035fa                DMA2_IRQHandler
                0x000035fa                ENET_Error_IRQHandler
                0x000035fa                CAN0_Tx_Warning_IRQHandler
                0x000035fa                UART3_RX_TX_IRQHandler
                0x000035fa                Watchdog_IRQHandler
                0x000035fa                CMP2_IRQHandler
                0x000035fa                ENET_1588_Timer_IRQHandler
                0x000035fa                UART2_RX_TX_IRQHandler
                0x000035fa                SWI_IRQHandler
                0x000035fa                ADC0_IRQHandler
                0x000035fa                CAN0_ORed_Message_buffer_IRQHandler
                0x000035fa                I2S0_Tx_IRQHandler
                0x000035fa                CMT_IRQHandler
                0x000035fa                UART4_RX_TX_IRQHandler
                0x000035fa                SPI1_IRQHandler
                0x000035fa                DefaultISR
                0x000035fa                DMA9_IRQHandler
                0x000035fa                DMA14_IRQHandler
                0x000035fa                CMP1_IRQHandler
                0x000035fa                Reserved71_IRQHandler
                0x000035fa                I2C0_IRQHandler
                0x000035fa                PORTB_IRQHandler
                0x000035fa                UART4_ERR_IRQHandler
                0x000035fa                ADC1_IRQHandler
                0x000035fa                I2C2_IRQHandler
                0x000035fa                I2S0_Rx_IRQHandler
                0x000035fa                LPTimer_IRQHandler
                0x000035fa                DMA5_IRQHandler
                0x000035fa                RTC_IRQHandler
                0x000035fa                PDB0_IRQHandler
                0x000035fa                FTM1_IRQHandler
                0x000035fa                UART5_RX_TX_IRQHandler
                0x000035fa                UART3_ERR_IRQHandler
                0x000035fa                SDHC_IRQHandler
                0x000035fa                RTC_Seconds_IRQHandler
                0x000035fa                MCG_IRQHandler
                0x000035fa                FTFE_IRQHandler
                0x000035fa                UART2_ERR_IRQHandler
                0x000035fa                DMA11_IRQHandler
                0x000035fa                UART5_ERR_IRQHandler
                0x000035fa                Read_Collision_IRQHandler
                0x000035fa                Default_Handler
                0x000035fa                DMA7_IRQHandler
                0x000035fa                USBDCD_IRQHandler
                0x000035fa                USB0_IRQHandler
                0x000035fa                LLW_IRQHandler
                0x000035fa                SPI2_IRQHandler
                0x000035fa                PORTD_IRQHandler
                0x000035fa                DMA13_IRQHandler
                0x000035fa                DMA3_IRQHandler
                0x000035fa                UART0_LON_IRQHandler
                0x000035fa                RNG_IRQHandler
                0x000035fa                DMA0_IRQHandler
                0x000035fa                DMA15_IRQHandler
                0x000035fa                DAC0_IRQHandler
                0x000035fa                CAN0_Error_IRQHandler
                0x000035fa                DMA4_IRQHandler
                0x000035fa                UART0_ERR_IRQHandler
                0x000035fa                DMA_Error_IRQHandler
                0x000035fa                LVD_LVW_IRQHandler
                0x000035fa                SPI0_IRQHandler
                0x000035fa                FTM0_IRQHandler
                0x000035fa                PORTA_IRQHandler
                0x000035fa                DAC1_IRQHandler
                0x000035fa                MCM_IRQHandler
                0x000035fa                DMA12_IRQHandler
                0x000035fa                CAN0_Bus_Off_IRQHandler
                0x000035fa                FTM3_IRQHandler
                0x000035fa                PORTE_IRQHandler
                0x000035fa                FTM2_IRQHandler
                0x000035fa                CAN0_Rx_Warning_IRQHandler
                0x000035fa                DMA8_IRQHandler
                0x000035fa                DMA10_IRQHandler
                0x000035fa                CAN0_Wake_Up_IRQHandler
                0x000035fa                UART1_ERR_IRQHandler
                0x000035fa                UART1_RX_TX_IRQHandler
                0x000035fa                CMP0_IRQHandler
                0x000035fa                PORTC_IRQHandler
                0x000035fa                DMA6_IRQHandler
                0x000035fa                DMA1_IRQHandler
 .text.wait_ms  0x000035fc       0x20 mbed-src\common\wait_api.o
                0x000035fc                wait_ms
 .text.wait_us  0x0000361c       0x28 mbed-src\common\wait_api.o
                0x0000361c                wait_us
 .text.get_us_ticker_data
                0x00003644       0x14 mbed-src\common\us_ticker_api.o
                0x00003644                get_us_ticker_data
 .text.us_ticker_irq_handler
                0x00003658       0x10 mbed-src\common\us_ticker_api.o
                0x00003658                us_ticker_irq_handler
 .text.ticker_set_handler
                0x00003668       0x20 mbed-src\common\ticker_api.o
                0x00003668                ticker_set_handler
 .text.ticker_irq_handler
                0x00003688       0x8c mbed-src\common\ticker_api.o
                0x00003688                ticker_irq_handler
 .text.ticker_insert_event
                0x00003714       0x78 mbed-src\common\ticker_api.o
                0x00003714                ticker_insert_event
 .text.ticker_remove_event
                0x0000378c       0x7c mbed-src\common\ticker_api.o
                0x0000378c                ticker_remove_event
 .text.ticker_read
                0x00003808       0x1c mbed-src\common\ticker_api.o
                0x00003808                ticker_read
 .text._ZL11init_serialv
                0x00003824       0x28 mbed-src\common\retarget.o
 .text._close   0x0000384c       0x50 mbed-src\common\retarget.o
                0x0000384c                _close
 .text._write   0x0000389c       0x88 mbed-src\common\retarget.o
                0x0000389c                _write
 .text._read    0x00003924       0x74 mbed-src\common\retarget.o
                0x00003924                _read
 .text._isatty  0x00003998       0x44 mbed-src\common\retarget.o
                0x00003998                _isatty
 .text._lseek   0x000039dc       0x4c mbed-src\common\retarget.o
                0x000039dc                _lseek
 .text._fstat   0x00003a28       0x40 mbed-src\common\retarget.o
                0x00003a28                _fstat
 .text.__cxa_pure_virtual
                0x00003a68        0xc mbed-src\common\retarget.o
                0x00003a68                __cxa_pure_virtual
 .text._sbrk    0x00003a74       0x58 mbed-src\common\retarget.o
                0x00003a74                _sbrk
 .text._exit    0x00003acc       0x30 mbed-src\common\retarget.o
                0x00003acc                _exit
 .text.pinmap_pinout
                0x00003afc       0x58 mbed-src\common\pinmap_common.o
                0x00003afc                pinmap_pinout
 .text.pinmap_merge
                0x00003b54       0x44 mbed-src\common\pinmap_common.o
                0x00003b54                pinmap_merge
 .text.pinmap_find_peripheral
                0x00003b98       0x3c mbed-src\common\pinmap_common.o
                0x00003b98                pinmap_find_peripheral
 .text.pinmap_peripheral
                0x00003bd4       0x44 mbed-src\common\pinmap_common.o
                0x00003bd4                pinmap_peripheral
 .text.gpio_write
                0x00003c18       0x6c mbed-src\common\gpio.o
 .text._gpio_init_in
                0x00003c84       0x38 mbed-src\common\gpio.o
 .text._gpio_init_out
                0x00003cbc       0x40 mbed-src\common\gpio.o
 .text.gpio_init_in
                0x00003cfc       0x1c mbed-src\common\gpio.o
                0x00003cfc                gpio_init_in
 .text.gpio_init_in_ex
                0x00003d18       0x20 mbed-src\common\gpio.o
                0x00003d18                gpio_init_in_ex
 .text.gpio_init_out
                0x00003d38       0x1c mbed-src\common\gpio.o
                0x00003d38                gpio_init_out
 .text.gpio_init_out_ex
                0x00003d54       0x20 mbed-src\common\gpio.o
                0x00003d54                gpio_init_out_ex
 .text.error    0x00003d74       0x28 mbed-src\common\error.o
                0x00003d74                error
 .text.gpio_write
                0x00003d9c       0x6c mbed-src\common\board.o
 .text.mbed_die
                0x00003e08       0x38 mbed-src\common\board.o
                0x00003e08                mbed_die
 .text.mbed_assert_internal
                0x00003e40       0x24 mbed-src\common\assert.o
                0x00003e40                mbed_assert_internal
 .text._ZN4mbed10TimerEventC2Ev
                0x00003e64       0x48 mbed-src\common\TimerEvent.o
                0x00003e64                mbed::TimerEvent::TimerEvent()
                0x00003e64                mbed::TimerEvent::TimerEvent()
 .text._ZN4mbed10TimerEvent3irqEm
                0x00003eac       0x20 mbed-src\common\TimerEvent.o
                0x00003eac                mbed::TimerEvent::irq(unsigned long)
 .text._ZN4mbed10TimerEventD2Ev
                0x00003ecc       0x30 mbed-src\common\TimerEvent.o
                0x00003ecc                mbed::TimerEvent::~TimerEvent()
                0x00003ecc                mbed::TimerEvent::~TimerEvent()
 .text._ZN4mbed10TimerEventD0Ev
                0x00003efc       0x20 mbed-src\common\TimerEvent.o
                0x00003efc                mbed::TimerEvent::~TimerEvent()
 .text._ZN4mbed10TimerEvent6insertEm
                0x00003f1c       0x24 mbed-src\common\TimerEvent.o
                0x00003f1c                mbed::TimerEvent::insert(unsigned long)
 .text._ZN4mbed10TimerEvent6removeEv
                0x00003f40       0x20 mbed-src\common\TimerEvent.o
                0x00003f40                mbed::TimerEvent::remove()
 .text._ZN4mbed6TickerD2Ev
                0x00003f60       0x38 mbed-src\common\Timeout.o
                0x00003f60                mbed::Ticker::~Ticker()
                0x00003f60                mbed::Ticker::~Ticker()
 .text._ZN4mbed6TickerD0Ev
                0x00003f98       0x20 mbed-src\common\Timeout.o
                0x00003f98                mbed::Ticker::~Ticker()
 .text._ZN4mbed19FunctionPointerArg1IvvE4callEv
                0x00003fb8       0x4c mbed-src\common\Timeout.o
                0x00003fb8                mbed::FunctionPointerArg1<void, void>::call()
 .text._ZN4mbed6Ticker6detachEv
                0x00004004       0x24 mbed-src\common\Ticker.o
                0x00004004                mbed::Ticker::detach()
 .text._ZN4mbed6Ticker5setupEm
                0x00004028       0x3c mbed-src\common\Ticker.o
                0x00004028                mbed::Ticker::setup(unsigned long)
 .text._ZN4mbed6Ticker7handlerEv
                0x00004064       0x2c mbed-src\common\Ticker.o
                0x00004064                mbed::Ticker::handler()
 .text._ZN4mbed19FunctionPointerArg1IvvE6attachEPFvvE
                0x00004090       0x20 mbed-src\common\Ticker.o
                0x00004090                mbed::FunctionPointerArg1<void, void>::attach(void (*)())
 .text._ZN4mbed19FunctionPointerArg1IvvEC2EPFvvE
                0x000040b0       0x1c mbed-src\common\SerialBase.o
                0x000040b0                mbed::FunctionPointerArg1<void, void>::FunctionPointerArg1(void (*)())
                0x000040b0                mbed::FunctionPointerArg1<void, void>::FunctionPointerArg1(void (*)())
 .text._ZN4mbed11InterruptInC2E7PinName
                0x000040cc       0x70 mbed-src\common\InterruptIn.o
                0x000040cc                mbed::InterruptIn::InterruptIn(PinName)
                0x000040cc                mbed::InterruptIn::InterruptIn(PinName)
 .text._ZN4mbed11InterruptInD2Ev
                0x0000413c       0x34 mbed-src\common\InterruptIn.o
                0x0000413c                mbed::InterruptIn::~InterruptIn()
                0x0000413c                mbed::InterruptIn::~InterruptIn()
 .text._ZN4mbed11InterruptInD0Ev
                0x00004170       0x20 mbed-src\common\InterruptIn.o
                0x00004170                mbed::InterruptIn::~InterruptIn()
 .text._ZN4mbed11InterruptIn4riseEPFvvE
                0x00004190       0x40 mbed-src\common\InterruptIn.o
                0x00004190                mbed::InterruptIn::rise(void (*)())
 .text._ZN4mbed11InterruptIn12_irq_handlerEm14gpio_irq_event
                0x000041d0       0x3c mbed-src\common\InterruptIn.o
                0x000041d0                mbed::InterruptIn::_irq_handler(unsigned long, gpio_irq_event)
 .text.GPIO_HAL_ReadPinInput
                0x0000420c       0x44 mbed-src\common\BusOut.o
 .text.gpio_write
                0x00004250       0x6c mbed-src\common\BusOut.o
 .text.gpio_read
                0x000042bc       0x68 mbed-src\common\BusOut.o
 .text._ZN4mbed10DigitalOutC2E7PinName
                0x00004324       0x24 mbed-src\common\BusOut.o
                0x00004324                mbed::DigitalOut::DigitalOut(PinName)
                0x00004324                mbed::DigitalOut::DigitalOut(PinName)
 .text._ZN4mbed10DigitalOut5writeEi
                0x00004348       0x1c mbed-src\common\BusOut.o
                0x00004348                mbed::DigitalOut::write(int)
 .text._ZN4mbed10DigitalOut4readEv
                0x00004364       0x1c mbed-src\common\BusOut.o
                0x00004364                mbed::DigitalOut::read()
 .text.rt_dly_wait
                0x00004380       0x1c mbed-rtos\rtx\TARGET_CORTEX_M\rt_Time.o
                0x00004380                rt_dly_wait
 .text.rt_svc_init
                0x0000439c       0x7c mbed-rtos\rtx\TARGET_CORTEX_M\rt_Task.o
 .text.rt_get_TID
                0x00004418       0x48 mbed-rtos\rtx\TARGET_CORTEX_M\rt_Task.o
 .text.rt_init_context
                0x00004460       0x8c mbed-rtos\rtx\TARGET_CORTEX_M\rt_Task.o
 .text.rt_switch_req
                0x000044ec       0x24 mbed-rtos\rtx\TARGET_CORTEX_M\rt_Task.o
                0x000044ec                rt_switch_req
 .text.rt_dispatch
                0x00004510       0x64 mbed-rtos\rtx\TARGET_CORTEX_M\rt_Task.o
                0x00004510                rt_dispatch
 .text.rt_block
                0x00004574       0x50 mbed-rtos\rtx\TARGET_CORTEX_M\rt_Task.o
                0x00004574                rt_block
 .text.rt_tsk_self
                0x000045c4       0x24 mbed-rtos\rtx\TARGET_CORTEX_M\rt_Task.o
                0x000045c4                rt_tsk_self
 .text.rt_tsk_prio
                0x000045e8       0xc8 mbed-rtos\rtx\TARGET_CORTEX_M\rt_Task.o
                0x000045e8                rt_tsk_prio
 .text.rt_tsk_create
                0x000046b0       0x8c mbed-rtos\rtx\TARGET_CORTEX_M\rt_Task.o
                0x000046b0                rt_tsk_create
 .text.rt_tsk_delete
                0x0000473c      0x218 mbed-rtos\rtx\TARGET_CORTEX_M\rt_Task.o
                0x0000473c                rt_tsk_delete
 .text.rt_sys_init
                0x00004954      0x108 mbed-rtos\rtx\TARGET_CORTEX_M\rt_Task.o
                0x00004954                rt_sys_init
 .text.rt_sys_start
                0x00004a5c       0x50 mbed-rtos\rtx\TARGET_CORTEX_M\rt_Task.o
                0x00004a5c                rt_sys_start
 .text.rt_systick_init
                0x00004aac       0x40 mbed-rtos\rtx\TARGET_CORTEX_M\rt_System.o
 .text.rt_psh_req
                0x00004aec       0x34 mbed-rtos\rtx\TARGET_CORTEX_M\rt_System.o
                0x00004aec                rt_psh_req
 .text.rt_pop_req
                0x00004b20       0xc8 mbed-rtos\rtx\TARGET_CORTEX_M\rt_System.o
                0x00004b20                rt_pop_req
 .text.os_tick_init
                0x00004be8       0x10 mbed-rtos\rtx\TARGET_CORTEX_M\rt_System.o
                0x00004be8                os_tick_init
 .text.os_tick_irqack
                0x00004bf8        0xc mbed-rtos\rtx\TARGET_CORTEX_M\rt_System.o
                0x00004bf8                os_tick_irqack
 .text.rt_systick
                0x00004c04       0x50 mbed-rtos\rtx\TARGET_CORTEX_M\rt_System.o
                0x00004c04                rt_systick
 .text.rt_stk_check
                0x00004c54       0x3c mbed-rtos\rtx\TARGET_CORTEX_M\rt_System.o
                0x00004c54                rt_stk_check
 .text.rt_sem_init
                0x00004c90       0x2c mbed-rtos\rtx\TARGET_CORTEX_M\rt_Semaphore.o
                0x00004c90                rt_sem_init
 .text.rt_sem_delete
                0x00004cbc       0x84 mbed-rtos\rtx\TARGET_CORTEX_M\rt_Semaphore.o
                0x00004cbc                rt_sem_delete
 .text.rt_sem_send
                0x00004d40       0x48 mbed-rtos\rtx\TARGET_CORTEX_M\rt_Semaphore.o
                0x00004d40                rt_sem_send
 .text.rt_sem_wait
                0x00004d88       0x78 mbed-rtos\rtx\TARGET_CORTEX_M\rt_Semaphore.o
                0x00004d88                rt_sem_wait
 .text.isr_sem_send
                0x00004e00       0x20 mbed-rtos\rtx\TARGET_CORTEX_M\rt_Semaphore.o
                0x00004e00                isr_sem_send
 .text.rt_sem_psh
                0x00004e20       0x4c mbed-rtos\rtx\TARGET_CORTEX_M\rt_Semaphore.o
                0x00004e20                rt_sem_psh
 .text.rt_init_robin
                0x00004e6c       0x24 mbed-rtos\rtx\TARGET_CORTEX_M\rt_Robin.o
                0x00004e6c                rt_init_robin
 .text.rt_chk_robin
                0x00004e90       0x68 mbed-rtos\rtx\TARGET_CORTEX_M\rt_Robin.o
                0x00004e90                rt_chk_robin
 .text.rt_mut_init
                0x00004ef8       0x34 mbed-rtos\rtx\TARGET_CORTEX_M\rt_Mutex.o
                0x00004ef8                rt_mut_init
 .text.rt_mut_release
                0x00004f2c      0x174 mbed-rtos\rtx\TARGET_CORTEX_M\rt_Mutex.o
                0x00004f2c                rt_mut_release
 .text.rt_mut_wait
                0x000050a0       0xc8 mbed-rtos\rtx\TARGET_CORTEX_M\rt_Mutex.o
                0x000050a0                rt_mut_wait
 .text._init_box
                0x00005168       0xb0 mbed-rtos\rtx\TARGET_CORTEX_M\rt_MemBox.o
                0x00005168                _init_box
 .text.rt_alloc_box
                0x00005218       0x44 mbed-rtos\rtx\TARGET_CORTEX_M\rt_MemBox.o
                0x00005218                rt_alloc_box
 .text.rt_free_box
                0x0000525c       0x54 mbed-rtos\rtx\TARGET_CORTEX_M\rt_MemBox.o
                0x0000525c                rt_free_box
 .text.rt_mbx_init
                0x000052b0       0x50 mbed-rtos\rtx\TARGET_CORTEX_M\rt_Mailbox.o
                0x000052b0                rt_mbx_init
 .text.rt_mbx_send
                0x00005300       0xf8 mbed-rtos\rtx\TARGET_CORTEX_M\rt_Mailbox.o
                0x00005300                rt_mbx_send
 .text.rt_mbx_wait
                0x000053f8      0x118 mbed-rtos\rtx\TARGET_CORTEX_M\rt_Mailbox.o
                0x000053f8                rt_mbx_wait
 .text.rt_mbx_check
                0x00005510       0x24 mbed-rtos\rtx\TARGET_CORTEX_M\rt_Mailbox.o
                0x00005510                rt_mbx_check
 .text.isr_mbx_send
                0x00005534       0x24 mbed-rtos\rtx\TARGET_CORTEX_M\rt_Mailbox.o
                0x00005534                isr_mbx_send
 .text.isr_mbx_receive
                0x00005558       0x80 mbed-rtos\rtx\TARGET_CORTEX_M\rt_Mailbox.o
                0x00005558                isr_mbx_receive
 .text.rt_mbx_psh
                0x000055d8      0x158 mbed-rtos\rtx\TARGET_CORTEX_M\rt_Mailbox.o
                0x000055d8                rt_mbx_psh
 .text.rt_inc_qi
                0x00005730       0x60 mbed-rtos\rtx\TARGET_CORTEX_M\rt_List.o
 .text.rt_put_prio
                0x00005790       0x8c mbed-rtos\rtx\TARGET_CORTEX_M\rt_List.o
                0x00005790                rt_put_prio
 .text.rt_get_first
                0x0000581c       0x60 mbed-rtos\rtx\TARGET_CORTEX_M\rt_List.o
                0x0000581c                rt_get_first
 .text.rt_put_rdy_first
                0x0000587c       0x2c mbed-rtos\rtx\TARGET_CORTEX_M\rt_List.o
                0x0000587c                rt_put_rdy_first
 .text.rt_resort_prio
                0x000058a8       0x4c mbed-rtos\rtx\TARGET_CORTEX_M\rt_List.o
                0x000058a8                rt_resort_prio
 .text.rt_put_dly
                0x000058f4       0xc8 mbed-rtos\rtx\TARGET_CORTEX_M\rt_List.o
                0x000058f4                rt_put_dly
 .text.rt_dec_dly
                0x000059bc       0xcc mbed-rtos\rtx\TARGET_CORTEX_M\rt_List.o
                0x000059bc                rt_dec_dly
 .text.rt_rmv_list
                0x00005a88       0x64 mbed-rtos\rtx\TARGET_CORTEX_M\rt_List.o
                0x00005a88                rt_rmv_list
 .text.rt_rmv_dly
                0x00005aec       0x5c mbed-rtos\rtx\TARGET_CORTEX_M\rt_List.o
                0x00005aec                rt_rmv_dly
 .text.rt_psq_enq
                0x00005b48       0x54 mbed-rtos\rtx\TARGET_CORTEX_M\rt_List.o
                0x00005b48                rt_psq_enq
 .text.rt_evt_psh
                0x00005b9c       0xa4 mbed-rtos\rtx\TARGET_CORTEX_M\rt_Event.o
                0x00005b9c                rt_evt_psh
 .text.rt_ms2tick
                0x00005c40       0x74 mbed-rtos\rtx\TARGET_CORTEX_M\rt_CMSIS.o
 .text.rt_tid2ptcb
                0x00005cb4       0x40 mbed-rtos\rtx\TARGET_CORTEX_M\rt_CMSIS.o
                0x00005cb4                rt_tid2ptcb
 .text.rt_id2obj
                0x00005cf4       0x24 mbed-rtos\rtx\TARGET_CORTEX_M\rt_CMSIS.o
 .text.svcKernelInitialize
                0x00005d18       0x70 mbed-rtos\rtx\TARGET_CORTEX_M\rt_CMSIS.o
                0x00005d18                svcKernelInitialize
 .text.svcKernelStart
                0x00005d88       0x70 mbed-rtos\rtx\TARGET_CORTEX_M\rt_CMSIS.o
                0x00005d88                svcKernelStart
 .text.osKernelInitialize
                0x00005df8       0x44 mbed-rtos\rtx\TARGET_CORTEX_M\rt_CMSIS.o
                0x00005df8                osKernelInitialize
 .text.osKernelStart
                0x00005e3c       0xc8 mbed-rtos\rtx\TARGET_CORTEX_M\rt_CMSIS.o
                0x00005e3c                osKernelStart
 .text.sysThreadError
                0x00005f04       0x14 mbed-rtos\rtx\TARGET_CORTEX_M\rt_CMSIS.o
 .text.svcThreadCreate
                0x00005f18       0xa8 mbed-rtos\rtx\TARGET_CORTEX_M\rt_CMSIS.o
                0x00005f18                svcThreadCreate
 .text.svcThreadGetId
                0x00005fc0       0x2c mbed-rtos\rtx\TARGET_CORTEX_M\rt_CMSIS.o
                0x00005fc0                svcThreadGetId
 .text.svcThreadTerminate
                0x00005fec       0x3c mbed-rtos\rtx\TARGET_CORTEX_M\rt_CMSIS.o
                0x00005fec                svcThreadTerminate
 .text.osThreadCreate
                0x00006028       0x64 mbed-rtos\rtx\TARGET_CORTEX_M\rt_CMSIS.o
                0x00006028                osThreadCreate
 .text.osThreadExit
                0x0000608c       0x20 mbed-rtos\rtx\TARGET_CORTEX_M\rt_CMSIS.o
                0x0000608c                osThreadExit
 .text.svcDelay
                0x000060ac       0x2c mbed-rtos\rtx\TARGET_CORTEX_M\rt_CMSIS.o
                0x000060ac                svcDelay
 .text.osDelay  0x000060d8       0x34 mbed-rtos\rtx\TARGET_CORTEX_M\rt_CMSIS.o
                0x000060d8                osDelay
 .text.rt_timer_insert
                0x0000610c       0x80 mbed-rtos\rtx\TARGET_CORTEX_M\rt_CMSIS.o
 .text.svcTimerCall
                0x0000618c       0x60 mbed-rtos\rtx\TARGET_CORTEX_M\rt_CMSIS.o
                0x0000618c                svcTimerCall
 .text.sysTimerTick
                0x000061ec       0x88 mbed-rtos\rtx\TARGET_CORTEX_M\rt_CMSIS.o
                0x000061ec                sysTimerTick
 .text.osTimerCall
                0x00006274       0x30 mbed-rtos\rtx\TARGET_CORTEX_M\rt_CMSIS.o
                0x00006274                osTimerCall
 .text.osTimerThread
                0x000062a4       0x48 mbed-rtos\rtx\TARGET_CORTEX_M\rt_CMSIS.o
                0x000062a4                osTimerThread
 .text.svcMutexCreate
                0x000062ec       0x50 mbed-rtos\rtx\TARGET_CORTEX_M\rt_CMSIS.o
                0x000062ec                svcMutexCreate
 .text.svcMutexWait
                0x0000633c       0x58 mbed-rtos\rtx\TARGET_CORTEX_M\rt_CMSIS.o
                0x0000633c                svcMutexWait
 .text.svcMutexRelease
                0x00006394       0x44 mbed-rtos\rtx\TARGET_CORTEX_M\rt_CMSIS.o
                0x00006394                svcMutexRelease
 .text.osMutexCreate
                0x000063d8       0x58 mbed-rtos\rtx\TARGET_CORTEX_M\rt_CMSIS.o
                0x000063d8                osMutexCreate
 .text.osMutexWait
                0x00006430       0x3c mbed-rtos\rtx\TARGET_CORTEX_M\rt_CMSIS.o
                0x00006430                osMutexWait
 .text.osMutexRelease
                0x0000646c       0x34 mbed-rtos\rtx\TARGET_CORTEX_M\rt_CMSIS.o
                0x0000646c                osMutexRelease
 .text.svcSemaphoreCreate
                0x000064a0       0x6c mbed-rtos\rtx\TARGET_CORTEX_M\rt_CMSIS.o
                0x000064a0                svcSemaphoreCreate
 .text.svcSemaphoreWait
                0x0000650c       0x58 mbed-rtos\rtx\TARGET_CORTEX_M\rt_CMSIS.o
                0x0000650c                svcSemaphoreWait
 .text.svcSemaphoreRelease
                0x00006564       0x48 mbed-rtos\rtx\TARGET_CORTEX_M\rt_CMSIS.o
                0x00006564                svcSemaphoreRelease
 .text.svcSemaphoreDelete
                0x000065ac       0x38 mbed-rtos\rtx\TARGET_CORTEX_M\rt_CMSIS.o
                0x000065ac                svcSemaphoreDelete
 .text.isrSemaphoreRelease
                0x000065e4       0x48 mbed-rtos\rtx\TARGET_CORTEX_M\rt_CMSIS.o
                0x000065e4                isrSemaphoreRelease
 .text.osSemaphoreCreate
                0x0000662c       0x64 mbed-rtos\rtx\TARGET_CORTEX_M\rt_CMSIS.o
                0x0000662c                osSemaphoreCreate
 .text.osSemaphoreWait
                0x00006690       0x3c mbed-rtos\rtx\TARGET_CORTEX_M\rt_CMSIS.o
                0x00006690                osSemaphoreWait
 .text.osSemaphoreRelease
                0x000066cc       0x38 mbed-rtos\rtx\TARGET_CORTEX_M\rt_CMSIS.o
                0x000066cc                osSemaphoreRelease
 .text.osSemaphoreDelete
                0x00006704       0x34 mbed-rtos\rtx\TARGET_CORTEX_M\rt_CMSIS.o
                0x00006704                osSemaphoreDelete
 .text.svcMessageCreate
                0x00006738       0x64 mbed-rtos\rtx\TARGET_CORTEX_M\rt_CMSIS.o
                0x00006738                svcMessageCreate
 .text.svcMessagePut
                0x0000679c       0x58 mbed-rtos\rtx\TARGET_CORTEX_M\rt_CMSIS.o
                0x0000679c                svcMessagePut
 .text.svcMessageGet
                0x000067f4       0xec mbed-rtos\rtx\TARGET_CORTEX_M\rt_CMSIS.o
                0x000067f4                svcMessageGet
 .text.isrMessagePut
                0x000068e0       0x4c mbed-rtos\rtx\TARGET_CORTEX_M\rt_CMSIS.o
                0x000068e0                isrMessagePut
 .text.isrMessageGet
                0x0000692c       0x84 mbed-rtos\rtx\TARGET_CORTEX_M\rt_CMSIS.o
                0x0000692c                isrMessageGet
 .text.osMessageCreate
                0x000069b0       0x64 mbed-rtos\rtx\TARGET_CORTEX_M\rt_CMSIS.o
                0x000069b0                osMessageCreate
 .text.osMessagePut
                0x00006a14       0x4c mbed-rtos\rtx\TARGET_CORTEX_M\rt_CMSIS.o
                0x00006a14                osMessagePut
 .text.osMessageGet
                0x00006a60       0x5c mbed-rtos\rtx\TARGET_CORTEX_M\rt_CMSIS.o
                0x00006a60                osMessageGet
 .text          0x00006abc      0x19c mbed-rtos\rtx\TARGET_CORTEX_M\TARGET_RTOS_M4_M7\TOOLCHAIN_GCC\HAL_CM4.o
                0x00006abc                rt_set_PSP
                0x00006ac2                rt_get_PSP
                0x00006ac8                os_set_env
                0x00006ae0                _alloc_box
                0x00006afc                _free_box
                0x00006b18                SVC_Handler
                0x00006bc4                PendSV_Handler
                0x00006bca                Sys_Switch
                0x00006c24                SysTick_Handler
                0x00006c2e                OS_Tick_Handler
 .text.os_idle_demon
                0x00006c58        0xc mbed-rtos\rtx\TARGET_CORTEX_M\RTX_Conf_CM.o
                0x00006c58                os_idle_demon
 .text.os_error
                0x00006c64       0x24 mbed-rtos\rtx\TARGET_CORTEX_M\RTX_Conf_CM.o
                0x00006c64                os_error
 .text.set_main_stack
                0x00006c88       0x1c mbed-rtos\rtx\TARGET_CORTEX_M\RTX_Conf_CM.o
                0x00006c88                set_main_stack
 .text.software_init_hook
                0x00006ca4       0x38 mbed-rtos\rtx\TARGET_CORTEX_M\RTX_Conf_CM.o
                0x00006ca4                software_init_hook
 .text.rt_init_stack
                0x00006cdc      0x100 mbed-rtos\rtx\TARGET_CORTEX_M\HAL_CM.o
                0x00006cdc                rt_init_stack
 .text.rt_ret_regs
                0x00006ddc       0x2c mbed-rtos\rtx\TARGET_CORTEX_M\HAL_CM.o
 .text.rt_ret_val
                0x00006e08       0x20 mbed-rtos\rtx\TARGET_CORTEX_M\HAL_CM.o
                0x00006e08                rt_ret_val
 .text.rt_ret_val2
                0x00006e28       0x28 mbed-rtos\rtx\TARGET_CORTEX_M\HAL_CM.o
                0x00006e28                rt_ret_val2
 .text.default_idle_hook
                0x00006e50        0xc mbed-rtos\rtos\rtos_idle.o
 .text.rtos_idle_loop
                0x00006e5c       0x10 mbed-rtos\rtos\rtos_idle.o
                0x00006e5c                rtos_idle_loop
 .text._ZN4rtos9SemaphoreC2El
                0x00006e6c       0x40 mbed-rtos\rtos\Semaphore.o
                0x00006e6c                rtos::Semaphore::Semaphore(long)
                0x00006e6c                rtos::Semaphore::Semaphore(long)
 .text._ZN4rtos9Semaphore4waitEm
                0x00006eac       0x20 mbed-rtos\rtos\Semaphore.o
                0x00006eac                rtos::Semaphore::wait(unsigned long)
 .text._ZN4rtos9Semaphore7releaseEv
                0x00006ecc       0x1c mbed-rtos\rtos\Semaphore.o
                0x00006ecc                rtos::Semaphore::release()
 .text._ZN4rtos9SemaphoreD2Ev
                0x00006ee8       0x1c mbed-rtos\rtos\Semaphore.o
                0x00006ee8                rtos::Semaphore::~Semaphore()
                0x00006ee8                rtos::Semaphore::~Semaphore()
 .text._Z16buttonSW2Pressedv
                0x00006f04       0x10 main.o
                0x00006f04                buttonSW2Pressed()
 .text.main     0x00006f14       0x80 main.o
                0x00006f14                main
 .text._ZN12ZigbeeDeviceC2Ev
                0x00006f94       0x24 ZigbeeDevice.o
                0x00006f94                ZigbeeDevice::ZigbeeDevice()
                0x00006f94                ZigbeeDevice::ZigbeeDevice()
 .text._ZN12ZigbeeDeviceD2Ev
                0x00006fb8       0x28 ZigbeeDevice.o
                0x00006fb8                ZigbeeDevice::~ZigbeeDevice()
                0x00006fb8                ZigbeeDevice::~ZigbeeDevice()
 .text._ZN12ZigbeeDeviceD0Ev
                0x00006fe0       0x20 ZigbeeDevice.o
                0x00006fe0                ZigbeeDevice::~ZigbeeDevice()
 .text._ZN4mbed10DigitalOutaSEi
                0x00007000       0x1c TcpServer.o
                0x00007000                mbed::DigitalOut::operator=(int)
 .text._ZN4mbed10DigitalOutcviEv
                0x0000701c       0x18 TcpServer.o
                0x0000701c                mbed::DigitalOut::operator int()
 .text._ZN4mbed6TickerC2Ev
                0x00007034       0x30 TcpServer.o
                0x00007034                mbed::Ticker::Ticker()
                0x00007034                mbed::Ticker::Ticker()
 .text._ZN15TCPSocketServerD2Ev
                0x00007064       0x1c TcpServer.o
                0x00007064                TCPSocketServer::~TCPSocketServer()
                0x00007064                TCPSocketServer::~TCPSocketServer()
 .text._ZN9TcpServerC2ERN4mbed10DigitalOutE
                0x00007080       0xe4 TcpServer.o
                0x00007080                TcpServer::TcpServer(mbed::DigitalOut&)
                0x00007080                TcpServer::TcpServer(mbed::DigitalOut&)
 .text._ZN9TcpServerD2Ev
                0x00007164       0x50 TcpServer.o
                0x00007164                TcpServer::~TcpServer()
                0x00007164                TcpServer::~TcpServer()
 .text._ZN9TcpServerD0Ev
                0x000071b4       0x20 TcpServer.o
                0x000071b4                TcpServer::~TcpServer()
 .text._ZN9TcpServer11isListeningEv
                0x000071d4       0x1c TcpServer.o
                0x000071d4                TcpServer::isListening()
 .text._ZN9TcpServer11ledTickfuncEv
                0x000071f0       0x48 TcpServer.o
                0x000071f0                TcpServer::ledTickfunc()
 .text._ZN4mbed6Ticker6attachI9TcpServerEEvPT_MS3_FvvEf
                0x00007238       0x3c TcpServer.o
                0x00007238                void mbed::Ticker::attach<TcpServer>(TcpServer*, void (TcpServer::*)(), float)
 .text._ZN4mbed6Ticker9attach_usI9TcpServerEEvPT_MS3_FvvEm
                0x00007274       0x30 TcpServer.o
                0x00007274                void mbed::Ticker::attach_us<TcpServer>(TcpServer*, void (TcpServer::*)(), unsigned long)
 .text._ZN4mbed19FunctionPointerArg1IvvE6attachI9TcpServerEEvPT_MS4_FvvE
                0x000072a4       0x38 TcpServer.o
                0x000072a4                void mbed::FunctionPointerArg1<void, void>::attach<TcpServer>(TcpServer*, void (TcpServer::*)())
 .text._ZN4mbed19FunctionPointerArg1IvvE12membercallerI9TcpServerEEvPvPj
                0x000072dc       0x4c TcpServer.o
                0x000072dc                void mbed::FunctionPointerArg1<void, void>::membercaller<TcpServer>(void*, unsigned int*)
 .text.sys_mbox_new
                0x00007328       0x64 EthernetInterface\lwip-sys\arch\sys_arch.o
                0x00007328                sys_mbox_new
 .text.sys_mbox_free
                0x0000738c       0x30 EthernetInterface\lwip-sys\arch\sys_arch.o
                0x0000738c                sys_mbox_free
 .text.sys_mbox_post
                0x000073bc       0x34 EthernetInterface\lwip-sys\arch\sys_arch.o
                0x000073bc                sys_mbox_post
 .text.sys_mbox_trypost
                0x000073f0       0x34 EthernetInterface\lwip-sys\arch\sys_arch.o
                0x000073f0                sys_mbox_trypost
 .text.sys_arch_mbox_fetch
                0x00007424       0x64 EthernetInterface\lwip-sys\arch\sys_arch.o
                0x00007424                sys_arch_mbox_fetch
 .text.sys_arch_mbox_tryfetch
                0x00007488       0x3c EthernetInterface\lwip-sys\arch\sys_arch.o
                0x00007488                sys_arch_mbox_tryfetch
 .text.sys_sem_new
                0x000074c4       0x58 EthernetInterface\lwip-sys\arch\sys_arch.o
                0x000074c4                sys_sem_new
 .text.sys_arch_sem_wait
                0x0000751c       0x54 EthernetInterface\lwip-sys\arch\sys_arch.o
                0x0000751c                sys_arch_sem_wait
 .text.sys_sem_signal
                0x00007570       0x24 EthernetInterface\lwip-sys\arch\sys_arch.o
                0x00007570                sys_sem_signal
 .text.sys_sem_free
                0x00007594       0x14 EthernetInterface\lwip-sys\arch\sys_arch.o
                0x00007594                sys_sem_free
 .text.sys_mutex_new
                0x000075a8       0x48 EthernetInterface\lwip-sys\arch\sys_arch.o
                0x000075a8                sys_mutex_new
 .text.sys_mutex_lock
                0x000075f0       0x2c EthernetInterface\lwip-sys\arch\sys_arch.o
                0x000075f0                sys_mutex_lock
 .text.sys_mutex_unlock
                0x0000761c       0x28 EthernetInterface\lwip-sys\arch\sys_arch.o
                0x0000761c                sys_mutex_unlock
 .text.sys_init
                0x00007644       0x30 EthernetInterface\lwip-sys\arch\sys_arch.o
                0x00007644                sys_init
 .text.sys_arch_protect
                0x00007674       0x2c EthernetInterface\lwip-sys\arch\sys_arch.o
                0x00007674                sys_arch_protect
 .text.sys_arch_unprotect
                0x000076a0       0x2c EthernetInterface\lwip-sys\arch\sys_arch.o
                0x000076a0                sys_arch_unprotect
 .text.sys_thread_new
                0x000076cc       0xa8 EthernetInterface\lwip-sys\arch\sys_arch.o
                0x000076cc                sys_thread_new
 .text.thumb2_memcpy
                0x00007774       0x3c EthernetInterface\lwip-sys\arch\memcpy.o
                0x00007774                thumb2_memcpy
 .text.thumb2_checksum
                0x000077b0       0x7c EthernetInterface\lwip-sys\arch\checksum.o
                0x000077b0                thumb2_checksum
 .text.NVIC_EnableIRQ
                0x0000782c       0x30 EthernetInterface\lwip-eth\arch\TARGET_Freescale\k64f_emac.o
 .text.enet_hal_active_rxbd
                0x0000785c       0x24 EthernetInterface\lwip-eth\arch\TARGET_Freescale\k64f_emac.o
 .text.enet_hal_active_txbd
                0x00007880       0x24 EthernetInterface\lwip-eth\arch\TARGET_Freescale\k64f_emac.o
 .text.enet_hal_clear_interrupt
                0x000078a4       0x1c EthernetInterface\lwip-eth\arch\TARGET_Freescale\k64f_emac.o
 .text.enet_hal_get_bd_size
                0x000078c0       0x10 EthernetInterface\lwip-eth\arch\TARGET_Freescale\k64f_emac.o
 .text.INT_SYS_EnableIRQ
                0x000078d0       0x54 EthernetInterface\lwip-eth\arch\TARGET_Freescale\k64f_emac.o
 .text.k64f_rxqueue_pbuf
                0x00007924       0xa0 EthernetInterface\lwip-eth\arch\TARGET_Freescale\k64f_emac.o
 .text.k64f_rx_queue
                0x000079c4       0x70 EthernetInterface\lwip-eth\arch\TARGET_Freescale\k64f_emac.o
                0x000079c4                k64f_rx_queue
 .text.k64f_rx_setup
                0x00007a34       0xb4 EthernetInterface\lwip-eth\arch\TARGET_Freescale\k64f_emac.o
 .text.k64f_tx_setup
                0x00007ae8       0xb0 EthernetInterface\lwip-eth\arch\TARGET_Freescale\k64f_emac.o
 .text.k64f_tx_reclaim
                0x00007b98      0x100 EthernetInterface\lwip-eth\arch\TARGET_Freescale\k64f_emac.o
 .text.low_level_init
                0x00007c98      0x16c EthernetInterface\lwip-eth\arch\TARGET_Freescale\k64f_emac.o
 .text.enet_mac_rx_isr
                0x00007e04       0x28 EthernetInterface\lwip-eth\arch\TARGET_Freescale\k64f_emac.o
                0x00007e04                enet_mac_rx_isr
 .text.enet_mac_tx_isr
                0x00007e2c       0x28 EthernetInterface\lwip-eth\arch\TARGET_Freescale\k64f_emac.o
                0x00007e2c                enet_mac_tx_isr
 .text.k64f_etharp_output
                0x00007e54       0x34 EthernetInterface\lwip-eth\arch\TARGET_Freescale\k64f_emac.o
                0x00007e54                k64f_etharp_output
 .text.k64f_low_level_input
                0x00007e88       0xe4 EthernetInterface\lwip-eth\arch\TARGET_Freescale\k64f_emac.o
 .text.k64f_enetif_input
                0x00007f6c       0x68 EthernetInterface\lwip-eth\arch\TARGET_Freescale\k64f_emac.o
                0x00007f6c                k64f_enetif_input
 .text.packet_rx
                0x00007fd4       0x64 EthernetInterface\lwip-eth\arch\TARGET_Freescale\k64f_emac.o
 .text.packet_tx
                0x00008038       0x20 EthernetInterface\lwip-eth\arch\TARGET_Freescale\k64f_emac.o
 .text.k64f_tx_ready
                0x00008058       0x58 EthernetInterface\lwip-eth\arch\TARGET_Freescale\k64f_emac.o
                0x00008058                k64f_tx_ready
 .text.k64f_update_txbds
                0x000080b0       0x94 EthernetInterface\lwip-eth\arch\TARGET_Freescale\k64f_emac.o
                0x000080b0                k64f_update_txbds
 .text.k64f_low_level_output
                0x00008144      0x1a8 EthernetInterface\lwip-eth\arch\TARGET_Freescale\k64f_emac.o
 .text.k64f_phy_task
                0x000082ec       0xcc EthernetInterface\lwip-eth\arch\TARGET_Freescale\k64f_emac.o
 .text.eth_arch_enetif_init
                0x000083b8      0x13c EthernetInterface\lwip-eth\arch\TARGET_Freescale\k64f_emac.o
                0x000083b8                eth_arch_enetif_init
 .text.eth_arch_enable_interrupts
                0x000084f4       0x40 EthernetInterface\lwip-eth\arch\TARGET_Freescale\k64f_emac.o
                0x000084f4                eth_arch_enable_interrupts
 .text.ENET_Transmit_IRQHandler
                0x00008534       0x14 EthernetInterface\lwip-eth\arch\TARGET_Freescale\k64f_emac.o
                0x00008534                ENET_Transmit_IRQHandler
 .text.ENET_Receive_IRQHandler
                0x00008548       0x14 EthernetInterface\lwip-eth\arch\TARGET_Freescale\k64f_emac.o
                0x00008548                ENET_Receive_IRQHandler
 .text.PORT_HAL_SetPullMode
                0x0000855c       0x44 EthernetInterface\lwip-eth\arch\TARGET_Freescale\hardware_init_MK64F12.o
 .text.PORT_HAL_SetPullCmd
                0x000085a0       0x48 EthernetInterface\lwip-eth\arch\TARGET_Freescale\hardware_init_MK64F12.o
 .text.PORT_HAL_SetOpenDrainCmd
                0x000085e8       0x48 EthernetInterface\lwip-eth\arch\TARGET_Freescale\hardware_init_MK64F12.o
 .text.PORT_HAL_SetMuxMode
                0x00008630       0x54 EthernetInterface\lwip-eth\arch\TARGET_Freescale\hardware_init_MK64F12.o
 .text.CLOCK_SYS_EnablePortClock
                0x00008684       0x20 EthernetInterface\lwip-eth\arch\TARGET_Freescale\hardware_init_MK64F12.o
 .text.CLOCK_SYS_EnableEnetClock
                0x000086a4       0x20 EthernetInterface\lwip-eth\arch\TARGET_Freescale\hardware_init_MK64F12.o
 .text.k64f_init_eth_hardware
                0x000086c4       0xc0 EthernetInterface\lwip-eth\arch\TARGET_Freescale\hardware_init_MK64F12.o
                0x000086c4                k64f_init_eth_hardware
 .text.enet_hal_reset_ethernet
                0x00008784       0x24 EthernetInterface\lwip-eth\arch\TARGET_Freescale\fsl_enet_driver.o
 .text.enet_hal_is_reset_completed
                0x000087a8       0x2c EthernetInterface\lwip-eth\arch\TARGET_Freescale\fsl_enet_driver.o
 .text.enet_hal_enable_sleep
                0x000087d4       0x38 EthernetInterface\lwip-eth\arch\TARGET_Freescale\fsl_enet_driver.o
 .text.enet_hal_enable_payloadcheck
                0x0000880c       0x28 EthernetInterface\lwip-eth\arch\TARGET_Freescale\fsl_enet_driver.o
 .text.enet_hal_enable_rxcrcforward
                0x00008834       0x2c EthernetInterface\lwip-eth\arch\TARGET_Freescale\fsl_enet_driver.o
 .text.enet_hal_enable_pauseforward
                0x00008860       0x28 EthernetInterface\lwip-eth\arch\TARGET_Freescale\fsl_enet_driver.o
 .text.enet_hal_enable_padremove
                0x00008888       0x28 EthernetInterface\lwip-eth\arch\TARGET_Freescale\fsl_enet_driver.o
 .text.enet_hal_enable_flowcontrol
                0x000088b0       0x38 EthernetInterface\lwip-eth\arch\TARGET_Freescale\fsl_enet_driver.o
 .text.enet_hal_enable_broadcastreject
                0x000088e8       0x28 EthernetInterface\lwip-eth\arch\TARGET_Freescale\fsl_enet_driver.o
 .text.enet_hal_set_rx_max_size
                0x00008910       0x84 EthernetInterface\lwip-eth\arch\TARGET_Freescale\fsl_enet_driver.o
 .text.enet_hal_set_rxbd_address
                0x00008994       0x20 EthernetInterface\lwip-eth\arch\TARGET_Freescale\fsl_enet_driver.o
 .text.enet_hal_set_txbd_address
                0x000089b4       0x20 EthernetInterface\lwip-eth\arch\TARGET_Freescale\fsl_enet_driver.o
 .text.enet_hal_config_mii
                0x000089d4       0x5c EthernetInterface\lwip-eth\arch\TARGET_Freescale\fsl_enet_driver.o
 .text.enet_hal_is_mii_enabled
                0x00008a30       0x28 EthernetInterface\lwip-eth\arch\TARGET_Freescale\fsl_enet_driver.o
 .text.enet_hal_get_mii_data
                0x00008a58       0x1c EthernetInterface\lwip-eth\arch\TARGET_Freescale\fsl_enet_driver.o
 .text.enet_hal_clear_interrupt
                0x00008a74       0x1c EthernetInterface\lwip-eth\arch\TARGET_Freescale\fsl_enet_driver.o
 .text.enet_hal_get_interrupt_status
                0x00008a90       0x2c EthernetInterface\lwip-eth\arch\TARGET_Freescale\fsl_enet_driver.o
 .text.enet_hal_config_promiscuous
                0x00008abc       0x28 EthernetInterface\lwip-eth\arch\TARGET_Freescale\fsl_enet_driver.o
 .text.enet_hal_clear_mib
                0x00008ae4       0x28 EthernetInterface\lwip-eth\arch\TARGET_Freescale\fsl_enet_driver.o
 .text.enet_hal_get_bd_size
                0x00008b0c       0x10 EthernetInterface\lwip-eth\arch\TARGET_Freescale\fsl_enet_driver.o
 .text.CLOCK_SYS_EnableEnetClock
                0x00008b1c       0x20 EthernetInterface\lwip-eth\arch\TARGET_Freescale\fsl_enet_driver.o
 .text.enet_mii_read
                0x00008b3c       0xa0 EthernetInterface\lwip-eth\arch\TARGET_Freescale\fsl_enet_driver.o
                0x00008b3c                enet_mii_read
 .text.enet_mii_write
                0x00008bdc       0x8c EthernetInterface\lwip-eth\arch\TARGET_Freescale\fsl_enet_driver.o
                0x00008bdc                enet_mii_write
 .text.enet_mac_mii_init
                0x00008c68       0x48 EthernetInterface\lwip-eth\arch\TARGET_Freescale\fsl_enet_driver.o
                0x00008c68                enet_mac_mii_init
 .text.enet_mac_rxbd_init
                0x00008cb0       0x70 EthernetInterface\lwip-eth\arch\TARGET_Freescale\fsl_enet_driver.o
                0x00008cb0                enet_mac_rxbd_init
 .text.enet_mac_txbd_init
                0x00008d20       0x64 EthernetInterface\lwip-eth\arch\TARGET_Freescale\fsl_enet_driver.o
                0x00008d20                enet_mac_txbd_init
 .text.enet_mac_configure_fifo_accel
                0x00008d84       0xf0 EthernetInterface\lwip-eth\arch\TARGET_Freescale\fsl_enet_driver.o
                0x00008d84                enet_mac_configure_fifo_accel
 .text.enet_mac_configure_controller
                0x00008e74      0x180 EthernetInterface\lwip-eth\arch\TARGET_Freescale\fsl_enet_driver.o
                0x00008e74                enet_mac_configure_controller
 .text.enet_mac_init
                0x00008ff4      0x118 EthernetInterface\lwip-eth\arch\TARGET_Freescale\fsl_enet_driver.o
                0x00008ff4                enet_mac_init
 .text.free_entry
                0x0000910c       0x4c EthernetInterface\lwip\netif\etharp.o
 .text.etharp_tmr
                0x00009158       0x88 EthernetInterface\lwip\netif\etharp.o
                0x00009158                etharp_tmr
 .text.find_entry
                0x000091e0      0x1a4 EthernetInterface\lwip\netif\etharp.o
 .text.etharp_send_ip
                0x00009384       0x54 EthernetInterface\lwip\netif\etharp.o
 .text.update_arp_entry
                0x000093d8       0xe4 EthernetInterface\lwip\netif\etharp.o
 .text.etharp_arp_input
                0x000094bc      0x194 EthernetInterface\lwip\netif\etharp.o
 .text.etharp_output
                0x00009650      0x130 EthernetInterface\lwip\netif\etharp.o
                0x00009650                etharp_output
 .text.etharp_query
                0x00009780      0x1bc EthernetInterface\lwip\netif\etharp.o
                0x00009780                etharp_query
 .text.etharp_raw
                0x0000993c      0x100 EthernetInterface\lwip\netif\etharp.o
 .text.etharp_request
                0x00009a3c       0x44 EthernetInterface\lwip\netif\etharp.o
                0x00009a3c                etharp_request
 .text.ethernet_input
                0x00009a80       0xa4 EthernetInterface\lwip\netif\etharp.o
                0x00009a80                ethernet_input
 .text.udp_input
                0x00009b24      0x2d8 EthernetInterface\lwip\core\udp.o
                0x00009b24                udp_input
 .text.udp_sendto
                0x00009dfc       0x2c EthernetInterface\lwip\core\udp.o
                0x00009dfc                udp_sendto
 .text.udp_sendto_chksum
                0x00009e28       0x5c EthernetInterface\lwip\core\udp.o
                0x00009e28                udp_sendto_chksum
 .text.udp_sendto_if
                0x00009e84       0x30 EthernetInterface\lwip\core\udp.o
                0x00009e84                udp_sendto_if
 .text.udp_sendto_if_chksum
                0x00009eb4      0x1f8 EthernetInterface\lwip\core\udp.o
                0x00009eb4                udp_sendto_if_chksum
 .text.udp_bind
                0x0000a0ac       0xf8 EthernetInterface\lwip\core\udp.o
                0x0000a0ac                udp_bind
 .text.udp_connect
                0x0000a1a4       0x9c EthernetInterface\lwip\core\udp.o
                0x0000a1a4                udp_connect
 .text.udp_recv
                0x0000a240       0x24 EthernetInterface\lwip\core\udp.o
                0x0000a240                udp_recv
 .text.udp_remove
                0x0000a264       0x60 EthernetInterface\lwip\core\udp.o
                0x0000a264                udp_remove
 .text.udp_new  0x0000a2c4       0x30 EthernetInterface\lwip\core\udp.o
                0x0000a2c4                udp_new
 .text.tcpip_tcp_timer
                0x0000a2f4       0x44 EthernetInterface\lwip\core\timers.o
 .text.tcp_timer_needed
                0x0000a338       0x40 EthernetInterface\lwip\core\timers.o
                0x0000a338                tcp_timer_needed
 .text.ip_reass_timer
                0x0000a378       0x24 EthernetInterface\lwip\core\timers.o
 .text.arp_timer
                0x0000a39c       0x24 EthernetInterface\lwip\core\timers.o
 .text.dhcp_timer_coarse
                0x0000a3c0       0x24 EthernetInterface\lwip\core\timers.o
 .text.dhcp_timer_fine
                0x0000a3e4       0x24 EthernetInterface\lwip\core\timers.o
 .text.igmp_timer
                0x0000a408       0x20 EthernetInterface\lwip\core\timers.o
 .text.dns_timer
                0x0000a428       0x24 EthernetInterface\lwip\core\timers.o
 .text.sys_timeouts_init
                0x0000a44c       0x64 EthernetInterface\lwip\core\timers.o
                0x0000a44c                sys_timeouts_init
 .text.sys_timeout
                0x0000a4b0       0xdc EthernetInterface\lwip\core\timers.o
                0x0000a4b0                sys_timeout
 .text.sys_untimeout
                0x0000a58c       0x8c EthernetInterface\lwip\core\timers.o
                0x0000a58c                sys_untimeout
 .text.sys_timeouts_mbox_fetch
                0x0000a618       0xb0 EthernetInterface\lwip\core\timers.o
                0x0000a618                sys_timeouts_mbox_fetch
 .text.tcp_output_alloc_header
                0x0000a6c8       0xd4 EthernetInterface\lwip\core\tcp_out.o
 .text.tcp_send_fin
                0x0000a79c       0x78 EthernetInterface\lwip\core\tcp_out.o
                0x0000a79c                tcp_send_fin
 .text.tcp_create_segment
                0x0000a814      0x118 EthernetInterface\lwip\core\tcp_out.o
 .text.tcp_seg_add_chksum
                0x0000a92c       0x60 EthernetInterface\lwip\core\tcp_out.o
 .text.tcp_write_checks
                0x0000a98c       0x9c EthernetInterface\lwip\core\tcp_out.o
 .text.tcp_write
                0x0000aa28      0x468 EthernetInterface\lwip\core\tcp_out.o
                0x0000aa28                tcp_write
 .text.tcp_enqueue_flags
                0x0000ae90      0x17c EthernetInterface\lwip\core\tcp_out.o
                0x0000ae90                tcp_enqueue_flags
 .text.tcp_send_empty_ack
                0x0000b00c       0x94 EthernetInterface\lwip\core\tcp_out.o
                0x0000b00c                tcp_send_empty_ack
 .text.tcp_output
                0x0000b0a0      0x2cc EthernetInterface\lwip\core\tcp_out.o
                0x0000b0a0                tcp_output
 .text.tcp_output_segment
                0x0000b36c      0x1b4 EthernetInterface\lwip\core\tcp_out.o
 .text.tcp_rst  0x0000b520       0xe0 EthernetInterface\lwip\core\tcp_out.o
                0x0000b520                tcp_rst
 .text.tcp_rexmit_rto
                0x0000b600       0x60 EthernetInterface\lwip\core\tcp_out.o
                0x0000b600                tcp_rexmit_rto
 .text.tcp_rexmit
                0x0000b660       0x88 EthernetInterface\lwip\core\tcp_out.o
                0x0000b660                tcp_rexmit
 .text.tcp_rexmit_fast
                0x0000b6e8       0xac EthernetInterface\lwip\core\tcp_out.o
                0x0000b6e8                tcp_rexmit_fast
 .text.tcp_keepalive
                0x0000b794       0x74 EthernetInterface\lwip\core\tcp_out.o
                0x0000b794                tcp_keepalive
 .text.tcp_zero_window_probe
                0x0000b808      0x124 EthernetInterface\lwip\core\tcp_out.o
                0x0000b808                tcp_zero_window_probe
 .text.tcp_input
                0x0000b92c      0x670 EthernetInterface\lwip\core\tcp_in.o
                0x0000b92c                tcp_input
 .text.tcp_listen_input
                0x0000bf9c      0x170 EthernetInterface\lwip\core\tcp_in.o
 .text.tcp_timewait_input
                0x0000c10c       0xe0 EthernetInterface\lwip\core\tcp_in.o
 .text.tcp_process
                0x0000c1ec      0x6bc EthernetInterface\lwip\core\tcp_in.o
 .text.tcp_receive
                0x0000c8a8      0x8b8 EthernetInterface\lwip\core\tcp_in.o
 .text.tcp_parseopt
                0x0000d160      0x108 EthernetInterface\lwip\core\tcp_in.o
 .text.tcp_tmr  0x0000d268       0x2c EthernetInterface\lwip\core\tcp.o
                0x0000d268                tcp_tmr
 .text.tcp_close_shutdown
                0x0000d294      0x220 EthernetInterface\lwip\core\tcp.o
 .text.tcp_close
                0x0000d4b4       0x34 EthernetInterface\lwip\core\tcp.o
                0x0000d4b4                tcp_close
 .text.tcp_shutdown
                0x0000d4e8       0x7c EthernetInterface\lwip\core\tcp.o
                0x0000d4e8                tcp_shutdown
 .text.tcp_abandon
                0x0000d564       0xc8 EthernetInterface\lwip\core\tcp.o
                0x0000d564                tcp_abandon
 .text.tcp_abort
                0x0000d62c       0x18 EthernetInterface\lwip\core\tcp.o
                0x0000d62c                tcp_abort
 .text.tcp_bind
                0x0000d644       0xd4 EthernetInterface\lwip\core\tcp.o
                0x0000d644                tcp_bind
 .text.tcp_accept_null
                0x0000d718       0x20 EthernetInterface\lwip\core\tcp.o
 .text.tcp_listen_with_backlog
                0x0000d738      0x114 EthernetInterface\lwip\core\tcp.o
                0x0000d738                tcp_listen_with_backlog
 .text.tcp_update_rcv_ann_wnd
                0x0000d84c       0x84 EthernetInterface\lwip\core\tcp.o
                0x0000d84c                tcp_update_rcv_ann_wnd
 .text.tcp_recved
                0x0000d8d0       0x60 EthernetInterface\lwip\core\tcp.o
                0x0000d8d0                tcp_recved
 .text.tcp_new_port
                0x0000d930       0x74 EthernetInterface\lwip\core\tcp.o
 .text.tcp_slowtmr
                0x0000d9a4      0x3d0 EthernetInterface\lwip\core\tcp.o
                0x0000d9a4                tcp_slowtmr
 .text.tcp_fasttmr
                0x0000dd74       0xc8 EthernetInterface\lwip\core\tcp.o
                0x0000dd74                tcp_fasttmr
 .text.tcp_segs_free
                0x0000de3c       0x28 EthernetInterface\lwip\core\tcp.o
                0x0000de3c                tcp_segs_free
 .text.tcp_seg_free
                0x0000de64       0x30 EthernetInterface\lwip\core\tcp.o
                0x0000de64                tcp_seg_free
 .text.tcp_recv_null
                0x0000de94       0x48 EthernetInterface\lwip\core\tcp.o
                0x0000de94                tcp_recv_null
 .text.tcp_kill_prio
                0x0000dedc       0x80 EthernetInterface\lwip\core\tcp.o
 .text.tcp_kill_timewait
                0x0000df5c       0x5c EthernetInterface\lwip\core\tcp.o
 .text.tcp_alloc
                0x0000dfb8      0x120 EthernetInterface\lwip\core\tcp.o
                0x0000dfb8                tcp_alloc
 .text.tcp_new  0x0000e0d8       0x10 EthernetInterface\lwip\core\tcp.o
                0x0000e0d8                tcp_new
 .text.tcp_arg  0x0000e0e8       0x1c EthernetInterface\lwip\core\tcp.o
                0x0000e0e8                tcp_arg
 .text.tcp_recv
                0x0000e104       0x1c EthernetInterface\lwip\core\tcp.o
                0x0000e104                tcp_recv
 .text.tcp_sent
                0x0000e120       0x1c EthernetInterface\lwip\core\tcp.o